MPLINK 4.48, Linker
Linker Map File - Created Mon Jun 25 09:33:16 2018

                                 Section Info
                  Section       Type    Address   Location Size(Bytes)
                ---------  ---------  ---------  ---------  ---------
               _entry_scn       code   0x000000    program   0x000006
           .code___init.o       code   0x000006    program   0x000002
      InterruptVectorHigh       code   0x000008    program   0x001aa0
                   .cinit    romdata   0x001aa8    program   0x00000e
                     PROG       code   0x001ab6    program   0x00049c
               _cinit_scn       code   0x001f52    program   0x00009e
                   STRING       code   0x001ff0    program   0x00008a
           .code_u2open.o       code   0x00207a    program   0x000078
          .code_fxm3232.o       code   0x0020f2    program   0x000070
           .code_t1open.o       code   0x002162    program   0x000054
         .code_fxd3232u.o       code   0x0021b6    program   0x000048
          .code_t1write.o       code   0x0021fe    program   0x000038
          .code_t0write.o       code   0x002236    program   0x000038
           .code_t0open.o       code   0x00226e    program   0x000038
          .code_u2write.o       code   0x0022a6    program   0x00002e
          .code_u1write.o       code   0x0022d4    program   0x00002e
                    .code       code   0x002302    program   0x000020
             _startup_scn       code   0x002322    program   0x00001c
             D100TCYXCODE       code   0x00233e    program   0x00001c
       .romdata_u2write.o    romdata   0x00235a    program   0x000000
       .idata_u2write.o_i    romdata   0x00235a    program   0x000000
       .romdata_t1write.o    romdata   0x00235a    program   0x000000
       .romdata_u1write.o    romdata   0x00235a    program   0x000000
       .idata_t0write.o_i    romdata   0x00235a    program   0x000000
       .idata_u1write.o_i    romdata   0x00235a    program   0x000000
        .romdata_u2defs.o    romdata   0x00235a    program   0x000000
        .romdata___init.o    romdata   0x00235a    program   0x000000
        .idata_u2defs.o_i    romdata   0x00235a    program   0x000000
        .romdata_u1defs.o    romdata   0x00235a    program   0x000000
       .romdata_t0write.o    romdata   0x00235a    program   0x000000
        .idata_u1defs.o_i    romdata   0x00235a    program   0x000000
       .idata_t1write.o_i    romdata   0x00235a    program   0x000000
        .romdata_t1open.o    romdata   0x00235a    program   0x000000
        .idata_t1open.o_i    romdata   0x00235a    program   0x000000
        .romdata_t0open.o    romdata   0x00235a    program   0x000000
        .idata_t0open.o_i    romdata   0x00235a    program   0x000000
        .romdata_u2open.o    romdata   0x00235a    program   0x000000
         .romdata_c018i.o    romdata   0x00235a    program   0x000000
        .idata_u2open.o_i    romdata   0x00235a    program   0x000000
       .romdata_fxm3232.o    romdata   0x00235a    program   0x000000
      .romdata_fxd3232u.o    romdata   0x00235a    program   0x000000
          .idata_main.o_i    romdata   0x00235a    program   0x000008
          .romdata_main.o    romdata   0x00235a    program   0x000000
         .idata_c018i.o_i    romdata   0x002362    program   0x000000
            .code_c018i.o       code   0x002362    program   0x000000
        .idata___init.o_i    romdata   0x002362    program   0x000000
             .code_main.o       code   0x002362    program   0x000000
      .idata_fxd3232u.o_i    romdata   0x002362    program   0x000000
       .idata_fxm3232.o_i    romdata   0x002362    program   0x000000
           .code_u2defs.o       code   0x002362    program   0x000000
           .code_u1defs.o       code   0x002362    program   0x000000
    .config_300000_main.o    romdata   0x300000    program   0x000001
    .config_300001_main.o    romdata   0x300001    program   0x000001
    .config_300002_main.o    romdata   0x300002    program   0x000001
    .config_300003_main.o    romdata   0x300003    program   0x000001
    .config_300005_main.o    romdata   0x300005    program   0x000001
                MATH_DATA      udata   0x000000       data   0x000014
                 .tmpdata      udata   0x000014       data   0x000010
                DELAYDAT1      udata   0x000024       data   0x000001
                 UARTDATA      udata   0x000100       data   0x0004fd
            .udata_main.o      udata   0x0005fd       data   0x000352
                   .stack      udata   0x000d00       data   0x000100
           .udata_c018i.o      udata   0x000e00       data   0x00000a
            .idata_main.o      idata   0x000e0a       data   0x000008
          .udata_u2defs.o      udata   0x000e12       data   0x000001
          .udata_u1defs.o      udata   0x000e13       data   0x000001
          .udata___init.o      udata   0x000e14       data   0x000000
         .idata_t1write.o      idata   0x000e14       data   0x000000
         .udata_t1write.o      udata   0x000e14       data   0x000000
         .idata_t0write.o      idata   0x000e14       data   0x000000
         .udata_t0write.o      udata   0x000e14       data   0x000000
         .idata_u2write.o      idata   0x000e14       data   0x000000
         .udata_u2write.o      udata   0x000e14       data   0x000000
         .idata_u1write.o      idata   0x000e14       data   0x000000
         .udata_u1write.o      udata   0x000e14       data   0x000000
          .idata_u2defs.o      idata   0x000e14       data   0x000000
          .idata_u1defs.o      idata   0x000e14       data   0x000000
          .idata_t1open.o      idata   0x000e14       data   0x000000
          .udata_t1open.o      udata   0x000e14       data   0x000000
          .idata_t0open.o      idata   0x000e14       data   0x000000
          .udata_t0open.o      udata   0x000e14       data   0x000000
          .idata_u2open.o      idata   0x000e14       data   0x000000
          .udata_u2open.o      udata   0x000e14       data   0x000000
         .idata_fxm3232.o      idata   0x000e14       data   0x000000
         .udata_fxm3232.o      udata   0x000e14       data   0x000000
        .idata_fxd3232u.o      idata   0x000e14       data   0x000000
        .udata_fxd3232u.o      udata   0x000e14       data   0x000000
           .idata_c018i.o      idata   0x000e14       data   0x000000
          .idata___init.o      idata   0x000e14       data   0x000000
              SFR_BANKED0      udata   0x000e41       data   0x0000bf
              SFR_BANKED1      udata   0x000f00       data   0x000040
              SFR_BANKED2      udata   0x000f47       data   0x000019
            SFR_UNBANKED0      udata   0x000f60       data   0x0000a0



                              Program Memory Usage 
                               Start         End      
                           ---------   ---------      
                            0x000000    0x002361      
                            0x300000    0x300003      
                            0x300005    0x300005      
            9063 out of 33816 program addresses used, program memory utilization is 26%



                              Symbols - Sorted by Name
                     Name    Address   Location    Storage File                     
                ---------  ---------  ---------  --------- ---------                
                   D100_1   0x00234c    program     static E:\c18v3.46\pic18-lt\cxx-framework\src\traditional\delays\d100tcyx.asm
                    D100x   0x00234a    program     static E:\c18v3.46\pic18-lt\cxx-framework\src\traditional\delays\d100tcyx.asm
            DataRdyUSART1   0x0007c6    program     extern C:\WA2EIN\MorseKbd2\cranwellP18F25K80.h
             Delay100TCYx   0x00233e    program     extern E:\c18v3.46\pic18-lt\cxx-framework\src\traditional\delays\d100tcyx.asm
                  DelayMS   0x0007e2    program     extern C:\WA2EIN\MorseKbd2\cranwellP18F25K80.h
                 FLO1632S   0x001aba    program     extern E:\c18v3.46\pic18-lt\cxx-framework\src\traditional\math\cast16FP.asm
                 FLO1632U   0x001ab6    program     extern E:\c18v3.46\pic18-lt\cxx-framework\src\traditional\math\cast16FP.asm
                    FPA32   0x001c62    program     extern E:\c18v3.46\pic18-lt\cxx-framework\src\traditional\math\addFP.asm
                    FPD32   0x001ae0    program     extern E:\c18v3.46\pic18-lt\cxx-framework\src\traditional\math\divFP.asm
                    FPM32   0x001b86    program     extern E:\c18v3.46\pic18-lt\cxx-framework\src\traditional\math\mulFP.asm
                    FPS32   0x001c60    program     extern E:\c18v3.46\pic18-lt\cxx-framework\src\traditional\math\addFP.asm
                 FXD3232U   0x0021b6    program     extern E:\c18v3.46\pic18-lt\cxx-framework\src\traditional\math\fxd3232u.c
                 FXM1616S   0x001d8e    program     extern E:\c18v3.46\pic18-lt\cxx-framework\src\traditional\math\fxm1616s.asm
                  FXM3232   0x0020f2    program     extern E:\c18v3.46\pic18-lt\cxx-framework\src\traditional\math\fxm3232.c
                 GetPin10   0x000a8e    program     extern C:\WA2EIN\MorseKbd2\cranwellP18F25K80.h
                 GetPin11   0x000ac0    program     extern C:\WA2EIN\MorseKbd2\cranwellP18F25K80.h
                 GetPin12   0x000af2    program     extern C:\WA2EIN\MorseKbd2\cranwellP18F25K80.h
                 GetPin13   0x000b24    program     extern C:\WA2EIN\MorseKbd2\cranwellP18F25K80.h
                 GetPin14   0x000b56    program     extern C:\WA2EIN\MorseKbd2\cranwellP18F25K80.h
                 GetPin15   0x000b88    program     extern C:\WA2EIN\MorseKbd2\cranwellP18F25K80.h
                 GetPin16   0x000bba    program     extern C:\WA2EIN\MorseKbd2\cranwellP18F25K80.h
                  GetPin2   0x000900    program     extern C:\WA2EIN\MorseKbd2\cranwellP18F25K80.h
                 GetPin21   0x000bec    program     extern C:\WA2EIN\MorseKbd2\cranwellP18F25K80.h
                 GetPin22   0x000c1e    program     extern C:\WA2EIN\MorseKbd2\cranwellP18F25K80.h
                 GetPin23   0x000c50    program     extern C:\WA2EIN\MorseKbd2\cranwellP18F25K80.h
                 GetPin24   0x000c82    program     extern C:\WA2EIN\MorseKbd2\cranwellP18F25K80.h
                 GetPin25   0x000cb4    program     extern C:\WA2EIN\MorseKbd2\cranwellP18F25K80.h
                 GetPin26   0x000ce6    program     extern C:\WA2EIN\MorseKbd2\cranwellP18F25K80.h
                 GetPin27   0x000d18    program     extern C:\WA2EIN\MorseKbd2\cranwellP18F25K80.h
                 GetPin28   0x000d4a    program     extern C:\WA2EIN\MorseKbd2\cranwellP18F25K80.h
                  GetPin3   0x00093e    program     extern C:\WA2EIN\MorseKbd2\cranwellP18F25K80.h
                  GetPin4   0x00097c    program     extern C:\WA2EIN\MorseKbd2\cranwellP18F25K80.h
                  GetPin5   0x0009ba    program     extern C:\WA2EIN\MorseKbd2\cranwellP18F25K80.h
                  GetPin6   0x0009f8    program     extern C:\WA2EIN\MorseKbd2\cranwellP18F25K80.h
                  GetPin7   0x000a2a    program     extern C:\WA2EIN\MorseKbd2\cranwellP18F25K80.h
                  GetPin9   0x000a5c    program     extern C:\WA2EIN\MorseKbd2\cranwellP18F25K80.h
                  INT3216   0x001de8    program     extern E:\c18v3.46\pic18-lt\cxx-framework\src\traditional\math\castFP16.asm
      InterruptVectorHigh   0x000008    program     extern C:\WA2EIN\MorseKbd2\cranwellP18F25K80.h
             Myputs2USART   0x00085e    program     extern C:\WA2EIN\MorseKbd2\cranwellP18F25K80.h
               Open2USART   0x00207a    program     extern E:\c18v3.46\pic18-lt\cxx-framework\src\pmc_common\USART\u2open.c
               OpenTimer0   0x00226e    program     extern E:\c18v3.46\pic18-lt\cxx-framework\src\pmc_common\Timers\t0open.c
               OpenTimer1   0x002162    program     extern E:\c18v3.46\pic18-lt\cxx-framework\src\pmc_common\Timers\t1open.c
    OpenUSART1pic18f25K80   0x00057e    program     extern C:\WA2EIN\MorseKbd2\cranwellP18F25K80.h
    OpenUSART2pic18f25K80   0x0005f2    program     extern C:\WA2EIN\MorseKbd2\cranwellP18F25K80.h
                Pin10HIGH   0x000a72    program     extern C:\WA2EIN\MorseKbd2\cranwellP18F25K80.h
                 Pin10LOW   0x000a80    program     extern C:\WA2EIN\MorseKbd2\cranwellP18F25K80.h
                Pin11HIGH   0x000aa4    program     extern C:\WA2EIN\MorseKbd2\cranwellP18F25K80.h
                 Pin11LOW   0x000ab2    program     extern C:\WA2EIN\MorseKbd2\cranwellP18F25K80.h
                Pin12HIGH   0x000ad6    program     extern C:\WA2EIN\MorseKbd2\cranwellP18F25K80.h
                 Pin12LOW   0x000ae4    program     extern C:\WA2EIN\MorseKbd2\cranwellP18F25K80.h
                Pin13HIGH   0x000b08    program     extern C:\WA2EIN\MorseKbd2\cranwellP18F25K80.h
                 Pin13LOW   0x000b16    program     extern C:\WA2EIN\MorseKbd2\cranwellP18F25K80.h
                Pin14HIGH   0x000b3a    program     extern C:\WA2EIN\MorseKbd2\cranwellP18F25K80.h
                 Pin14LOW   0x000b48    program     extern C:\WA2EIN\MorseKbd2\cranwellP18F25K80.h
                Pin15HIGH   0x000b6c    program     extern C:\WA2EIN\MorseKbd2\cranwellP18F25K80.h
                 Pin15LOW   0x000b7a    program     extern C:\WA2EIN\MorseKbd2\cranwellP18F25K80.h
                Pin16HIGH   0x000b9e    program     extern C:\WA2EIN\MorseKbd2\cranwellP18F25K80.h
                 Pin16LOW   0x000bac    program     extern C:\WA2EIN\MorseKbd2\cranwellP18F25K80.h
                Pin21HIGH   0x000bd0    program     extern C:\WA2EIN\MorseKbd2\cranwellP18F25K80.h
                 Pin21LOW   0x000bde    program     extern C:\WA2EIN\MorseKbd2\cranwellP18F25K80.h
                Pin22HIGH   0x000c02    program     extern C:\WA2EIN\MorseKbd2\cranwellP18F25K80.h
                 Pin22LOW   0x000c10    program     extern C:\WA2EIN\MorseKbd2\cranwellP18F25K80.h
                Pin23HIGH   0x000c34    program     extern C:\WA2EIN\MorseKbd2\cranwellP18F25K80.h
                 Pin23LOW   0x000c42    program     extern C:\WA2EIN\MorseKbd2\cranwellP18F25K80.h
                Pin24HIGH   0x000c66    program     extern C:\WA2EIN\MorseKbd2\cranwellP18F25K80.h
                 Pin24LOW   0x000c74    program     extern C:\WA2EIN\MorseKbd2\cranwellP18F25K80.h
                Pin25HIGH   0x000c98    program     extern C:\WA2EIN\MorseKbd2\cranwellP18F25K80.h
                 Pin25LOW   0x000ca6    program     extern C:\WA2EIN\MorseKbd2\cranwellP18F25K80.h
                Pin26HIGH   0x000cca    program     extern C:\WA2EIN\MorseKbd2\cranwellP18F25K80.h
                 Pin26LOW   0x000cd8    program     extern C:\WA2EIN\MorseKbd2\cranwellP18F25K80.h
                Pin27HIGH   0x000cfc    program     extern C:\WA2EIN\MorseKbd2\cranwellP18F25K80.h
                 Pin27LOW   0x000d0a    program     extern C:\WA2EIN\MorseKbd2\cranwellP18F25K80.h
                Pin28HIGH   0x000d2e    program     extern C:\WA2EIN\MorseKbd2\cranwellP18F25K80.h
                 Pin28LOW   0x000d3c    program     extern C:\WA2EIN\MorseKbd2\cranwellP18F25K80.h
                 Pin2HIGH   0x0008d8    program     extern C:\WA2EIN\MorseKbd2\cranwellP18F25K80.h
                  Pin2LOW   0x0008ec    program     extern C:\WA2EIN\MorseKbd2\cranwellP18F25K80.h
                 Pin3HIGH   0x000916    program     extern C:\WA2EIN\MorseKbd2\cranwellP18F25K80.h
                  Pin3LOW   0x00092a    program     extern C:\WA2EIN\MorseKbd2\cranwellP18F25K80.h
                 Pin4HIGH   0x000954    program     extern C:\WA2EIN\MorseKbd2\cranwellP18F25K80.h
                  Pin4LOW   0x000968    program     extern C:\WA2EIN\MorseKbd2\cranwellP18F25K80.h
                 Pin5HIGH   0x000992    program     extern C:\WA2EIN\MorseKbd2\cranwellP18F25K80.h
                  Pin5LOW   0x0009a6    program     extern C:\WA2EIN\MorseKbd2\cranwellP18F25K80.h
                 Pin6HIGH   0x0009d0    program     extern C:\WA2EIN\MorseKbd2\cranwellP18F25K80.h
                  Pin6LOW   0x0009e4    program     extern C:\WA2EIN\MorseKbd2\cranwellP18F25K80.h
                 Pin7HIGH   0x000a0e    program     extern C:\WA2EIN\MorseKbd2\cranwellP18F25K80.h
                  Pin7LOW   0x000a1c    program     extern C:\WA2EIN\MorseKbd2\cranwellP18F25K80.h
                 Pin9HIGH   0x000a40    program     extern C:\WA2EIN\MorseKbd2\cranwellP18F25K80.h
                  Pin9LOW   0x000a4e    program     extern C:\WA2EIN\MorseKbd2\cranwellP18F25K80.h
                  PinHIGH   0x000d60    program     extern C:\WA2EIN\MorseKbd2\cranwellP18F25K80.h
                   PinLOW   0x000ebc    program     extern C:\WA2EIN\MorseKbd2\cranwellP18F25K80.h
                  PinTest   0x001018    program     extern C:\WA2EIN\MorseKbd2\cranwellP18F25K80.h
                      Rec   0x001444    program     extern C:\WA2EIN\MorseKbd2\main.c
              ResetTimer0   0x000258    program     extern C:\WA2EIN\MorseKbd2\cranwellP18F25K80.h
              ResetTimer1   0x0003c6    program     extern C:\WA2EIN\MorseKbd2\cranwellP18F25K80.h
                 SendCode   0x0014d6    program     extern C:\WA2EIN\MorseKbd2\main.c
            SetClockSpeed   0x00051c    program     extern C:\WA2EIN\MorseKbd2\cranwellP18F25K80.h
                SetTiming   0x001724    program     extern C:\WA2EIN\MorseKbd2\main.c
              StartTimer0   0x0000fa    program     extern C:\WA2EIN\MorseKbd2\cranwellP18F25K80.h
              StartTimer1   0x000106    program     extern C:\WA2EIN\MorseKbd2\cranwellP18F25K80.h
               TSIGN1616A   0x001dda    program     static E:\c18v3.46\pic18-lt\cxx-framework\src\traditional\math\fxm1616s.asm
               Wait2USART   0x0007d4    program     extern C:\WA2EIN\MorseKbd2\cranwellP18F25K80.h
              Write1USART   0x0022d4    program     extern E:\c18v3.46\pic18-lt\cxx-framework\src\pmc_common\USART\u1write.c
              Write2USART   0x0022a6    program     extern E:\c18v3.46\pic18-lt\cxx-framework\src\pmc_common\USART\u2write.c
              WriteTimer0   0x002236    program     extern E:\c18v3.46\pic18-lt\cxx-framework\src\pmc_common\Timers\t0write.c
              WriteTimer1   0x0021fe    program     extern E:\c18v3.46\pic18-lt\cxx-framework\src\pmc_common\Timers\t1write.c
              _2jContinue   0x002066    program     static E:\c18v3.46\pic18-lt\cxx-framework\src\traditional\stdclib\memset.asm
                   _3jEnd   0x002070    program     static E:\c18v3.46\pic18-lt\cxx-framework\src\traditional\stdclib\memset.asm
              _4jContinue   0x002024    program     static E:\c18v3.46\pic18-lt\cxx-framework\src\traditional\stdclib\memcpy.asm
                   _5jEnd   0x00202e    program     static E:\c18v3.46\pic18-lt\cxx-framework\src\traditional\stdclib\memcpy.asm
       _D100TCYXCODE_0008   0x002346    program     static E:\c18v3.46\pic18-lt\cxx-framework\src\traditional\delays\d100tcyx.asm
       _D100TCYXCODE_0012   0x002350    program     static E:\c18v3.46\pic18-lt\cxx-framework\src\traditional\delays\d100tcyx.asm
       _D100TCYXCODE_0018   0x002356    program     static E:\c18v3.46\pic18-lt\cxx-framework\src\traditional\delays\d100tcyx.asm
                 __FpExit   0x001e52    program     extern E:\c18v3.46\pic18-lt\cxx-framework\src\traditional\math\packFP.asm
                 __FpPack   0x001e7e    program     extern E:\c18v3.46\pic18-lt\cxx-framework\src\traditional\math\packFP.asm
            __FpReturnNaN   0x001e46    program     extern E:\c18v3.46\pic18-lt\cxx-framework\src\traditional\math\packFP.asm
         __FpReturnNegInf   0x001e58    program     extern E:\c18v3.46\pic18-lt\cxx-framework\src\traditional\math\packFP.asm
        __FpReturnNegZero   0x001e70    program     extern E:\c18v3.46\pic18-lt\cxx-framework\src\traditional\math\packFP.asm
         __FpReturnPosInf   0x001e5e    program     extern E:\c18v3.46\pic18-lt\cxx-framework\src\traditional\math\packFP.asm
        __FpReturnPosZero   0x001e78    program     extern E:\c18v3.46\pic18-lt\cxx-framework\src\traditional\math\packFP.asm
        __FpReturnSignInf   0x001e54    program     extern E:\c18v3.46\pic18-lt\cxx-framework\src\traditional\math\packFP.asm
       __FpReturnSignZero   0x001e6c    program     extern E:\c18v3.46\pic18-lt\cxx-framework\src\traditional\math\packFP.asm
              __FpReturnW   0x001ed6    program     extern E:\c18v3.46\pic18-lt\cxx-framework\src\traditional\math\packFP.asm
              __FpUnPackA   0x001ef6    program     extern E:\c18v3.46\pic18-lt\cxx-framework\src\traditional\math\UnpackFP.asm
              __FpUnPackB   0x001f26    program     extern E:\c18v3.46\pic18-lt\cxx-framework\src\traditional\math\UnpackFP.asm
           ___if_lbl00001   0x00005c    program     static                          
           ___if_lbl00002   0x000088    program     static                          
           ___if_lbl00003   0x0000c2    program     static                          
           ___if_lbl00004   0x0000e6    program     static                          
       ___return_lbl00000   0x002160    program     static                          
       ___return_lbl00000   0x0000f8    program     static                          
       ___return_lbl00000   0x000004    program     static                          
       ___return_lbl00000   0x0021fc    program     static                          
       ___return_lbl00001   0x00233c    program     static                          
       ___return_lbl00002   0x001fee    program     static                          
               __config_0   0x300000    program     static C:\WA2EIN\MorseKbd2\main.c
               __config_1   0x300001    program     static C:\WA2EIN\MorseKbd2\main.c
               __config_2   0x300002    program     static C:\WA2EIN\MorseKbd2\main.c
               __config_3   0x300003    program     static C:\WA2EIN\MorseKbd2\main.c
               __config_4   0x300005    program     static C:\WA2EIN\MorseKbd2\main.c
                   __init   0x000006    program     extern E:\c18v3.46\pic18-lt\cxx-framework\src\traditional\stdclib\__init.c
            __zero_memory   0x002302    program     extern E:\c18v3.46\pic18-lt\cxx-framework\src\traditional\proc\p18f25k80.asm
                _do_cinit   0x001f52    program     extern E:\c18v3.46\pic18-lt\cxx-framework\src\traditional\startup\c018i.c
                   _entry   0x000000    program     extern E:\c18v3.46\pic18-lt\cxx-framework\src\traditional\startup\c018i.c
                   _false   0x0021f8    program     static                          
                 _startup   0x002322    program     extern E:\c18v3.46\pic18-lt\cxx-framework\src\traditional\startup\c018i.c
                      abs   0x0012be    program     extern C:\WA2EIN\MorseKbd2\cranwellP18F25K80.h
                compare_l   0x002318    program     static E:\c18v3.46\pic18-lt\cxx-framework\src\traditional\proc\p18f25k80.asm
                copy_loop   0x001fc4    program     static                          
            copy_one_byte   0x001fca    program     static                          
                     done   0x001fee    program     static                          
             done_copying   0x001fd8    program     static                          
                     exit   0x0000e6    program     static                          
                 jANotInf   0x001afe    program     static E:\c18v3.46\pic18-lt\cxx-framework\src\traditional\math\divFP.asm
                 jANotInf   0x001ba4    program     static E:\c18v3.46\pic18-lt\cxx-framework\src\traditional\math\mulFP.asm
                 jANotInf   0x001c8a    program     static E:\c18v3.46\pic18-lt\cxx-framework\src\traditional\math\addFP.asm
                 jANotNeg   0x001d1e    program     static E:\c18v3.46\pic18-lt\cxx-framework\src\traditional\math\addFP.asm
                jANotZero   0x001b12    program     static E:\c18v3.46\pic18-lt\cxx-framework\src\traditional\math\divFP.asm
              jAandWsetup   0x001cee    program     static E:\c18v3.46\pic18-lt\cxx-framework\src\traditional\math\addFP.asm
                 jAltBexp   0x001cdc    program     static E:\c18v3.46\pic18-lt\cxx-framework\src\traditional\math\addFP.asm
                jBANotInf   0x001c80    program     static E:\c18v3.46\pic18-lt\cxx-framework\src\traditional\math\addFP.asm
                 jBNotInf   0x001c98    program     static E:\c18v3.46\pic18-lt\cxx-framework\src\traditional\math\addFP.asm
              jBothFinite   0x001bb2    program     static E:\c18v3.46\pic18-lt\cxx-framework\src\traditional\math\mulFP.asm
             jBothNotZero   0x001bbe    program     static E:\c18v3.46\pic18-lt\cxx-framework\src\traditional\math\mulFP.asm
            jDifOrPosSign   0x001cac    program     static E:\c18v3.46\pic18-lt\cxx-framework\src\traditional\math\addFP.asm
                     jEnd   0x002078    program     static E:\c18v3.46\pic18-lt\cxx-framework\src\traditional\stdclib\memset.asm
                     jEnd   0x002034    program     static E:\c18v3.46\pic18-lt\cxx-framework\src\traditional\stdclib\memcpy.asm
                    jExit   0x001e44    program     static E:\c18v3.46\pic18-lt\cxx-framework\src\traditional\math\castFP16.asm
               jFinalSign   0x001d86    program     static E:\c18v3.46\pic18-lt\cxx-framework\src\traditional\math\addFP.asm
                jHaveZero   0x001bba    program     static E:\c18v3.46\pic18-lt\cxx-framework\src\traditional\math\mulFP.asm
                jI2F16Beg   0x001aca    program     static E:\c18v3.46\pic18-lt\cxx-framework\src\traditional\math\cast16FP.asm
                    jLoop   0x00205a    program     static E:\c18v3.46\pic18-lt\cxx-framework\src\traditional\stdclib\memset.asm
                    jLoop   0x001e24    program     static E:\c18v3.46\pic18-lt\cxx-framework\src\traditional\math\castFP16.asm
                    jLoop   0x002018    program     static E:\c18v3.46\pic18-lt\cxx-framework\src\traditional\stdclib\memcpy.asm
                    jLoop   0x001b3a    program     static E:\c18v3.46\pic18-lt\cxx-framework\src\traditional\math\divFP.asm
                jLoopExit   0x001e34    program     static E:\c18v3.46\pic18-lt\cxx-framework\src\traditional\math\castFP16.asm
                     jMax   0x001df8    program     static E:\c18v3.46\pic18-lt\cxx-framework\src\traditional\math\castFP16.asm
                  jMaxNeg   0x001e06    program     static E:\c18v3.46\pic18-lt\cxx-framework\src\traditional\math\castFP16.asm
                  jMaxPos   0x001dfc    program     static E:\c18v3.46\pic18-lt\cxx-framework\src\traditional\math\castFP16.asm
                    jNext   0x001b60    program     static E:\c18v3.46\pic18-lt\cxx-framework\src\traditional\math\divFP.asm
                jNoAdjust   0x001b5e    program     static E:\c18v3.46\pic18-lt\cxx-framework\src\traditional\math\divFP.asm
             jNotBothZero   0x001cb0    program     static E:\c18v3.46\pic18-lt\cxx-framework\src\traditional\math\addFP.asm
                  jNotInf   0x001e14    program     static E:\c18v3.46\pic18-lt\cxx-framework\src\traditional\math\castFP16.asm
                  jPkLoop   0x001e8c    program     static E:\c18v3.46\pic18-lt\cxx-framework\src\traditional\math\packFP.asm
             jPkRoundDone   0x001ed6    program     static E:\c18v3.46\pic18-lt\cxx-framework\src\traditional\math\packFP.asm
               jPkRoundIt   0x001ebe    program     static E:\c18v3.46\pic18-lt\cxx-framework\src\traditional\math\packFP.asm
             jPkShiftDone   0x001ea8    program     static E:\c18v3.46\pic18-lt\cxx-framework\src\traditional\math\packFP.asm
           jReturnPosInf0   0x001e62    program     static E:\c18v3.46\pic18-lt\cxx-framework\src\traditional\math\packFP.asm
               jShiftDone   0x001d46    program     static E:\c18v3.46\pic18-lt\cxx-framework\src\traditional\math\addFP.asm
               jShiftLoop   0x001d38    program     static E:\c18v3.46\pic18-lt\cxx-framework\src\traditional\math\addFP.asm
                jSignDone   0x001d76    program     static E:\c18v3.46\pic18-lt\cxx-framework\src\traditional\math\addFP.asm
              jSignedZero   0x001b08    program     static E:\c18v3.46\pic18-lt\cxx-framework\src\traditional\math\divFP.asm
                  jUnpkA1   0x001f00    program     static E:\c18v3.46\pic18-lt\cxx-framework\src\traditional\math\UnpackFP.asm
                  jUnpkA2   0x001f18    program     static E:\c18v3.46\pic18-lt\cxx-framework\src\traditional\math\UnpackFP.asm
                 jUnpkANZ   0x001f0e    program     static E:\c18v3.46\pic18-lt\cxx-framework\src\traditional\math\UnpackFP.asm
                  jUnpkB1   0x001f30    program     static E:\c18v3.46\pic18-lt\cxx-framework\src\traditional\math\UnpackFP.asm
                  jUnpkB2   0x001f48    program     static E:\c18v3.46\pic18-lt\cxx-framework\src\traditional\math\UnpackFP.asm
                 jUnpkBNZ   0x001f3e    program     static E:\c18v3.46\pic18-lt\cxx-framework\src\traditional\math\UnpackFP.asm
                 jUnpkNaN   0x001f22    program     static E:\c18v3.46\pic18-lt\cxx-framework\src\traditional\math\UnpackFP.asm
                 jWNotNeg   0x001d32    program     static E:\c18v3.46\pic18-lt\cxx-framework\src\traditional\math\addFP.asm
                    jZero   0x001e0e    program     static E:\c18v3.46\pic18-lt\cxx-framework\src\traditional\math\castFP16.asm
               jZero1and2   0x001e66    program     static E:\c18v3.46\pic18-lt\cxx-framework\src\traditional\math\packFP.asm
                     loop   0x0021c4    program     static                          
                     loop   0x002332    program     static                          
                   loop_h   0x002310    program     static E:\c18v3.46\pic18-lt\cxx-framework\src\traditional\proc\p18f25k80.asm
                   loop_l   0x00231a    program     static E:\c18v3.46\pic18-lt\cxx-framework\src\traditional\proc\p18f25k80.asm
                     main   0x00130e    program     extern C:\WA2EIN\MorseKbd2\main.c
                   memcpy   0x001ff0    program     extern E:\c18v3.46\pic18-lt\cxx-framework\src\traditional\stdclib\memcpy.asm
                   memset   0x002046    program     extern E:\c18v3.46\pic18-lt\cxx-framework\src\traditional\stdclib\memset.asm
                     test   0x001f6c    program     static                          
              vgets1USART   0x000122    program     extern C:\WA2EIN\MorseKbd2\cranwellP18F25K80.h
              vputs1USART   0x000608    program     extern C:\WA2EIN\MorseKbd2\cranwellP18F25K80.h
               zero_block   0x002310    program     static E:\c18v3.46\pic18-lt\cxx-framework\src\traditional\proc\p18f25k80.asm
                   ADCON0   0x000fc2       data     extern E:\c18v3.46\pic18-lt\cxx-framework\src\traditional\proc\p18f25k80.asm
               ADCON0bits   0x000fc2       data     extern E:\c18v3.46\pic18-lt\cxx-framework\src\traditional\proc\p18f25k80.asm
                   ADCON1   0x000fc1       data     extern E:\c18v3.46\pic18-lt\cxx-framework\src\traditional\proc\p18f25k80.asm
               ADCON1bits   0x000fc1       data     extern E:\c18v3.46\pic18-lt\cxx-framework\src\traditional\proc\p18f25k80.asm
                   ADCON2   0x000fc0       data     extern E:\c18v3.46\pic18-lt\cxx-framework\src\traditional\proc\p18f25k80.asm
               ADCON2bits   0x000fc0       data     extern E:\c18v3.46\pic18-lt\cxx-framework\src\traditional\proc\p18f25k80.asm
                    ADRES   0x000fc3       data     extern E:\c18v3.46\pic18-lt\cxx-framework\src\traditional\proc\p18f25k80.asm
                   ADRESH   0x000fc4       data     extern E:\c18v3.46\pic18-lt\cxx-framework\src\traditional\proc\p18f25k80.asm
                   ADRESL   0x000fc3       data     extern E:\c18v3.46\pic18-lt\cxx-framework\src\traditional\proc\p18f25k80.asm
                   ANCON0   0x000f5d       data     extern E:\c18v3.46\pic18-lt\cxx-framework\src\traditional\proc\p18f25k80.asm
               ANCON0bits   0x000f5d       data     extern E:\c18v3.46\pic18-lt\cxx-framework\src\traditional\proc\p18f25k80.asm
                   ANCON1   0x000f5c       data     extern E:\c18v3.46\pic18-lt\cxx-framework\src\traditional\proc\p18f25k80.asm
               ANCON1bits   0x000f5c       data     extern E:\c18v3.46\pic18-lt\cxx-framework\src\traditional\proc\p18f25k80.asm
                    B0CON   0x000e80       data     extern E:\c18v3.46\pic18-lt\cxx-framework\src\traditional\proc\p18f25k80.asm
                B0CONbits   0x000e80       data     extern E:\c18v3.46\pic18-lt\cxx-framework\src\traditional\proc\p18f25k80.asm
                     B0D0   0x000e86       data     extern E:\c18v3.46\pic18-lt\cxx-framework\src\traditional\proc\p18f25k80.asm
                 B0D0bits   0x000e86       data     extern E:\c18v3.46\pic18-lt\cxx-framework\src\traditional\proc\p18f25k80.asm
                     B0D1   0x000e87       data     extern E:\c18v3.46\pic18-lt\cxx-framework\src\traditional\proc\p18f25k80.asm
                 B0D1bits   0x000e87       data     extern E:\c18v3.46\pic18-lt\cxx-framework\src\traditional\proc\p18f25k80.asm
                     B0D2   0x000e88       data     extern E:\c18v3.46\pic18-lt\cxx-framework\src\traditional\proc\p18f25k80.asm
                 B0D2bits   0x000e88       data     extern E:\c18v3.46\pic18-lt\cxx-framework\src\traditional\proc\p18f25k80.asm
                     B0D3   0x000e89       data     extern E:\c18v3.46\pic18-lt\cxx-framework\src\traditional\proc\p18f25k80.asm
                 B0D3bits   0x000e89       data     extern E:\c18v3.46\pic18-lt\cxx-framework\src\traditional\proc\p18f25k80.asm
                     B0D4   0x000e8a       data     extern E:\c18v3.46\pic18-lt\cxx-framework\src\traditional\proc\p18f25k80.asm
                 B0D4bits   0x000e8a       data     extern E:\c18v3.46\pic18-lt\cxx-framework\src\traditional\proc\p18f25k80.asm
                     B0D5   0x000e8b       data     extern E:\c18v3.46\pic18-lt\cxx-framework\src\traditional\proc\p18f25k80.asm
                 B0D5bits   0x000e8b       data     extern E:\c18v3.46\pic18-lt\cxx-framework\src\traditional\proc\p18f25k80.asm
                     B0D6   0x000e8c       data     extern E:\c18v3.46\pic18-lt\cxx-framework\src\traditional\proc\p18f25k80.asm
                 B0D6bits   0x000e8c       data     extern E:\c18v3.46\pic18-lt\cxx-framework\src\traditional\proc\p18f25k80.asm
                     B0D7   0x000e8d       data     extern E:\c18v3.46\pic18-lt\cxx-framework\src\traditional\proc\p18f25k80.asm
                 B0D7bits   0x000e8d       data     extern E:\c18v3.46\pic18-lt\cxx-framework\src\traditional\proc\p18f25k80.asm
                    B0DLC   0x000e85       data     extern E:\c18v3.46\pic18-lt\cxx-framework\src\traditional\proc\p18f25k80.asm
                B0DLCbits   0x000e85       data     extern E:\c18v3.46\pic18-lt\cxx-framework\src\traditional\proc\p18f25k80.asm
                   B0EIDH   0x000e83       data     extern E:\c18v3.46\pic18-lt\cxx-framework\src\traditional\proc\p18f25k80.asm
               B0EIDHbits   0x000e83       data     extern E:\c18v3.46\pic18-lt\cxx-framework\src\traditional\proc\p18f25k80.asm
                   B0EIDL   0x000e84       data     extern E:\c18v3.46\pic18-lt\cxx-framework\src\traditional\proc\p18f25k80.asm
               B0EIDLbits   0x000e84       data     extern E:\c18v3.46\pic18-lt\cxx-framework\src\traditional\proc\p18f25k80.asm
                   B0SIDH   0x000e81       data     extern E:\c18v3.46\pic18-lt\cxx-framework\src\traditional\proc\p18f25k80.asm
               B0SIDHbits   0x000e81       data     extern E:\c18v3.46\pic18-lt\cxx-framework\src\traditional\proc\p18f25k80.asm
                   B0SIDL   0x000e82       data     extern E:\c18v3.46\pic18-lt\cxx-framework\src\traditional\proc\p18f25k80.asm
               B0SIDLbits   0x000e82       data     extern E:\c18v3.46\pic18-lt\cxx-framework\src\traditional\proc\p18f25k80.asm
                    B1CON   0x000e90       data     extern E:\c18v3.46\pic18-lt\cxx-framework\src\traditional\proc\p18f25k80.asm
                B1CONbits   0x000e90       data     extern E:\c18v3.46\pic18-lt\cxx-framework\src\traditional\proc\p18f25k80.asm
                     B1D0   0x000e96       data     extern E:\c18v3.46\pic18-lt\cxx-framework\src\traditional\proc\p18f25k80.asm
                 B1D0bits   0x000e96       data     extern E:\c18v3.46\pic18-lt\cxx-framework\src\traditional\proc\p18f25k80.asm
                     B1D1   0x000e97       data     extern E:\c18v3.46\pic18-lt\cxx-framework\src\traditional\proc\p18f25k80.asm
                 B1D1bits   0x000e97       data     extern E:\c18v3.46\pic18-lt\cxx-framework\src\traditional\proc\p18f25k80.asm
                     B1D2   0x000e98       data     extern E:\c18v3.46\pic18-lt\cxx-framework\src\traditional\proc\p18f25k80.asm
                 B1D2bits   0x000e98       data     extern E:\c18v3.46\pic18-lt\cxx-framework\src\traditional\proc\p18f25k80.asm
                     B1D3   0x000e99       data     extern E:\c18v3.46\pic18-lt\cxx-framework\src\traditional\proc\p18f25k80.asm
                 B1D3bits   0x000e99       data     extern E:\c18v3.46\pic18-lt\cxx-framework\src\traditional\proc\p18f25k80.asm
                     B1D4   0x000e9a       data     extern E:\c18v3.46\pic18-lt\cxx-framework\src\traditional\proc\p18f25k80.asm
                 B1D4bits   0x000e9a       data     extern E:\c18v3.46\pic18-lt\cxx-framework\src\traditional\proc\p18f25k80.asm
                     B1D5   0x000e9b       data     extern E:\c18v3.46\pic18-lt\cxx-framework\src\traditional\proc\p18f25k80.asm
                 B1D5bits   0x000e9b       data     extern E:\c18v3.46\pic18-lt\cxx-framework\src\traditional\proc\p18f25k80.asm
                     B1D6   0x000e9c       data     extern E:\c18v3.46\pic18-lt\cxx-framework\src\traditional\proc\p18f25k80.asm
                 B1D6bits   0x000e9c       data     extern E:\c18v3.46\pic18-lt\cxx-framework\src\traditional\proc\p18f25k80.asm
                     B1D7   0x000e9d       data     extern E:\c18v3.46\pic18-lt\cxx-framework\src\traditional\proc\p18f25k80.asm
                 B1D7bits   0x000e9d       data     extern E:\c18v3.46\pic18-lt\cxx-framework\src\traditional\proc\p18f25k80.asm
                    B1DLC   0x000e95       data     extern E:\c18v3.46\pic18-lt\cxx-framework\src\traditional\proc\p18f25k80.asm
                B1DLCbits   0x000e95       data     extern E:\c18v3.46\pic18-lt\cxx-framework\src\traditional\proc\p18f25k80.asm
                   B1EIDH   0x000e93       data     extern E:\c18v3.46\pic18-lt\cxx-framework\src\traditional\proc\p18f25k80.asm
               B1EIDHbits   0x000e93       data     extern E:\c18v3.46\pic18-lt\cxx-framework\src\traditional\proc\p18f25k80.asm
                   B1EIDL   0x000e94       data     extern E:\c18v3.46\pic18-lt\cxx-framework\src\traditional\proc\p18f25k80.asm
               B1EIDLbits   0x000e94       data     extern E:\c18v3.46\pic18-lt\cxx-framework\src\traditional\proc\p18f25k80.asm
                   B1SIDH   0x000e91       data     extern E:\c18v3.46\pic18-lt\cxx-framework\src\traditional\proc\p18f25k80.asm
               B1SIDHbits   0x000e91       data     extern E:\c18v3.46\pic18-lt\cxx-framework\src\traditional\proc\p18f25k80.asm
                   B1SIDL   0x000e92       data     extern E:\c18v3.46\pic18-lt\cxx-framework\src\traditional\proc\p18f25k80.asm
               B1SIDLbits   0x000e92       data     extern E:\c18v3.46\pic18-lt\cxx-framework\src\traditional\proc\p18f25k80.asm
                    B2CON   0x000ea0       data     extern E:\c18v3.46\pic18-lt\cxx-framework\src\traditional\proc\p18f25k80.asm
                B2CONbits   0x000ea0       data     extern E:\c18v3.46\pic18-lt\cxx-framework\src\traditional\proc\p18f25k80.asm
                     B2D0   0x000ea6       data     extern E:\c18v3.46\pic18-lt\cxx-framework\src\traditional\proc\p18f25k80.asm
                 B2D0bits   0x000ea6       data     extern E:\c18v3.46\pic18-lt\cxx-framework\src\traditional\proc\p18f25k80.asm
                     B2D1   0x000ea7       data     extern E:\c18v3.46\pic18-lt\cxx-framework\src\traditional\proc\p18f25k80.asm
                 B2D1bits   0x000ea7       data     extern E:\c18v3.46\pic18-lt\cxx-framework\src\traditional\proc\p18f25k80.asm
                     B2D2   0x000ea8       data     extern E:\c18v3.46\pic18-lt\cxx-framework\src\traditional\proc\p18f25k80.asm
                 B2D2bits   0x000ea8       data     extern E:\c18v3.46\pic18-lt\cxx-framework\src\traditional\proc\p18f25k80.asm
                     B2D3   0x000ea9       data     extern E:\c18v3.46\pic18-lt\cxx-framework\src\traditional\proc\p18f25k80.asm
                 B2D3bits   0x000ea9       data     extern E:\c18v3.46\pic18-lt\cxx-framework\src\traditional\proc\p18f25k80.asm
                     B2D4   0x000eaa       data     extern E:\c18v3.46\pic18-lt\cxx-framework\src\traditional\proc\p18f25k80.asm
                 B2D4bits   0x000eaa       data     extern E:\c18v3.46\pic18-lt\cxx-framework\src\traditional\proc\p18f25k80.asm
                     B2D5   0x000eab       data     extern E:\c18v3.46\pic18-lt\cxx-framework\src\traditional\proc\p18f25k80.asm
                 B2D5bits   0x000eab       data     extern E:\c18v3.46\pic18-lt\cxx-framework\src\traditional\proc\p18f25k80.asm
                     B2D6   0x000eac       data     extern E:\c18v3.46\pic18-lt\cxx-framework\src\traditional\proc\p18f25k80.asm
                 B2D6bits   0x000eac       data     extern E:\c18v3.46\pic18-lt\cxx-framework\src\traditional\proc\p18f25k80.asm
                     B2D7   0x000ead       data     extern E:\c18v3.46\pic18-lt\cxx-framework\src\traditional\proc\p18f25k80.asm
                 B2D7bits   0x000ead       data     extern E:\c18v3.46\pic18-lt\cxx-framework\src\traditional\proc\p18f25k80.asm
                    B2DLC   0x000ea5       data     extern E:\c18v3.46\pic18-lt\cxx-framework\src\traditional\proc\p18f25k80.asm
                B2DLCbits   0x000ea5       data     extern E:\c18v3.46\pic18-lt\cxx-framework\src\traditional\proc\p18f25k80.asm
                   B2EIDH   0x000ea3       data     extern E:\c18v3.46\pic18-lt\cxx-framework\src\traditional\proc\p18f25k80.asm
               B2EIDHbits   0x000ea3       data     extern E:\c18v3.46\pic18-lt\cxx-framework\src\traditional\proc\p18f25k80.asm
                   B2EIDL   0x000ea4       data     extern E:\c18v3.46\pic18-lt\cxx-framework\src\traditional\proc\p18f25k80.asm
               B2EIDLbits   0x000ea4       data     extern E:\c18v3.46\pic18-lt\cxx-framework\src\traditional\proc\p18f25k80.asm
                   B2SIDH   0x000ea1       data     extern E:\c18v3.46\pic18-lt\cxx-framework\src\traditional\proc\p18f25k80.asm
               B2SIDHbits   0x000ea1       data     extern E:\c18v3.46\pic18-lt\cxx-framework\src\traditional\proc\p18f25k80.asm
                   B2SIDL   0x000ea2       data     extern E:\c18v3.46\pic18-lt\cxx-framework\src\traditional\proc\p18f25k80.asm
               B2SIDLbits   0x000ea2       data     extern E:\c18v3.46\pic18-lt\cxx-framework\src\traditional\proc\p18f25k80.asm
                    B3CON   0x000eb0       data     extern E:\c18v3.46\pic18-lt\cxx-framework\src\traditional\proc\p18f25k80.asm
                B3CONbits   0x000eb0       data     extern E:\c18v3.46\pic18-lt\cxx-framework\src\traditional\proc\p18f25k80.asm
                     B3D0   0x000eb6       data     extern E:\c18v3.46\pic18-lt\cxx-framework\src\traditional\proc\p18f25k80.asm
                 B3D0bits   0x000eb6       data     extern E:\c18v3.46\pic18-lt\cxx-framework\src\traditional\proc\p18f25k80.asm
                     B3D1   0x000eb7       data     extern E:\c18v3.46\pic18-lt\cxx-framework\src\traditional\proc\p18f25k80.asm
                 B3D1bits   0x000eb7       data     extern E:\c18v3.46\pic18-lt\cxx-framework\src\traditional\proc\p18f25k80.asm
                     B3D2   0x000eb8       data     extern E:\c18v3.46\pic18-lt\cxx-framework\src\traditional\proc\p18f25k80.asm
                 B3D2bits   0x000eb8       data     extern E:\c18v3.46\pic18-lt\cxx-framework\src\traditional\proc\p18f25k80.asm
                     B3D3   0x000eb9       data     extern E:\c18v3.46\pic18-lt\cxx-framework\src\traditional\proc\p18f25k80.asm
                 B3D3bits   0x000eb9       data     extern E:\c18v3.46\pic18-lt\cxx-framework\src\traditional\proc\p18f25k80.asm
                     B3D4   0x000eba       data     extern E:\c18v3.46\pic18-lt\cxx-framework\src\traditional\proc\p18f25k80.asm
                 B3D4bits   0x000eba       data     extern E:\c18v3.46\pic18-lt\cxx-framework\src\traditional\proc\p18f25k80.asm
                     B3D5   0x000ebb       data     extern E:\c18v3.46\pic18-lt\cxx-framework\src\traditional\proc\p18f25k80.asm
                 B3D5bits   0x000ebb       data     extern E:\c18v3.46\pic18-lt\cxx-framework\src\traditional\proc\p18f25k80.asm
                     B3D6   0x000ebc       data     extern E:\c18v3.46\pic18-lt\cxx-framework\src\traditional\proc\p18f25k80.asm
                 B3D6bits   0x000ebc       data     extern E:\c18v3.46\pic18-lt\cxx-framework\src\traditional\proc\p18f25k80.asm
                     B3D7   0x000ebd       data     extern E:\c18v3.46\pic18-lt\cxx-framework\src\traditional\proc\p18f25k80.asm
                 B3D7bits   0x000ebd       data     extern E:\c18v3.46\pic18-lt\cxx-framework\src\traditional\proc\p18f25k80.asm
                    B3DLC   0x000eb5       data     extern E:\c18v3.46\pic18-lt\cxx-framework\src\traditional\proc\p18f25k80.asm
                B3DLCbits   0x000eb5       data     extern E:\c18v3.46\pic18-lt\cxx-framework\src\traditional\proc\p18f25k80.asm
                   B3EIDH   0x000eb3       data     extern E:\c18v3.46\pic18-lt\cxx-framework\src\traditional\proc\p18f25k80.asm
               B3EIDHbits   0x000eb3       data     extern E:\c18v3.46\pic18-lt\cxx-framework\src\traditional\proc\p18f25k80.asm
                   B3EIDL   0x000eb4       data     extern E:\c18v3.46\pic18-lt\cxx-framework\src\traditional\proc\p18f25k80.asm
               B3EIDLbits   0x000eb4       data     extern E:\c18v3.46\pic18-lt\cxx-framework\src\traditional\proc\p18f25k80.asm
                   B3SIDH   0x000eb1       data     extern E:\c18v3.46\pic18-lt\cxx-framework\src\traditional\proc\p18f25k80.asm
               B3SIDHbits   0x000eb1       data     extern E:\c18v3.46\pic18-lt\cxx-framework\src\traditional\proc\p18f25k80.asm
                   B3SIDL   0x000eb2       data     extern E:\c18v3.46\pic18-lt\cxx-framework\src\traditional\proc\p18f25k80.asm
               B3SIDLbits   0x000eb2       data     extern E:\c18v3.46\pic18-lt\cxx-framework\src\traditional\proc\p18f25k80.asm
                    B4CON   0x000ec0       data     extern E:\c18v3.46\pic18-lt\cxx-framework\src\traditional\proc\p18f25k80.asm
                B4CONbits   0x000ec0       data     extern E:\c18v3.46\pic18-lt\cxx-framework\src\traditional\proc\p18f25k80.asm
                     B4D0   0x000ec6       data     extern E:\c18v3.46\pic18-lt\cxx-framework\src\traditional\proc\p18f25k80.asm
                 B4D0bits   0x000ec6       data     extern E:\c18v3.46\pic18-lt\cxx-framework\src\traditional\proc\p18f25k80.asm
                     B4D1   0x000ec7       data     extern E:\c18v3.46\pic18-lt\cxx-framework\src\traditional\proc\p18f25k80.asm
                 B4D1bits   0x000ec7       data     extern E:\c18v3.46\pic18-lt\cxx-framework\src\traditional\proc\p18f25k80.asm
                     B4D2   0x000ec8       data     extern E:\c18v3.46\pic18-lt\cxx-framework\src\traditional\proc\p18f25k80.asm
                 B4D2bits   0x000ec8       data     extern E:\c18v3.46\pic18-lt\cxx-framework\src\traditional\proc\p18f25k80.asm
                     B4D3   0x000ec9       data     extern E:\c18v3.46\pic18-lt\cxx-framework\src\traditional\proc\p18f25k80.asm
                 B4D3bits   0x000ec9       data     extern E:\c18v3.46\pic18-lt\cxx-framework\src\traditional\proc\p18f25k80.asm
                     B4D4   0x000eca       data     extern E:\c18v3.46\pic18-lt\cxx-framework\src\traditional\proc\p18f25k80.asm
                 B4D4bits   0x000eca       data     extern E:\c18v3.46\pic18-lt\cxx-framework\src\traditional\proc\p18f25k80.asm
                     B4D5   0x000ecb       data     extern E:\c18v3.46\pic18-lt\cxx-framework\src\traditional\proc\p18f25k80.asm
                 B4D5bits   0x000ecb       data     extern E:\c18v3.46\pic18-lt\cxx-framework\src\traditional\proc\p18f25k80.asm
                     B4D6   0x000ecc       data     extern E:\c18v3.46\pic18-lt\cxx-framework\src\traditional\proc\p18f25k80.asm
                 B4D6bits   0x000ecc       data     extern E:\c18v3.46\pic18-lt\cxx-framework\src\traditional\proc\p18f25k80.asm
                     B4D7   0x000ecd       data     extern E:\c18v3.46\pic18-lt\cxx-framework\src\traditional\proc\p18f25k80.asm
                 B4D7bits   0x000ecd       data     extern E:\c18v3.46\pic18-lt\cxx-framework\src\traditional\proc\p18f25k80.asm
                    B4DLC   0x000ec5       data     extern E:\c18v3.46\pic18-lt\cxx-framework\src\traditional\proc\p18f25k80.asm
                B4DLCbits   0x000ec5       data     extern E:\c18v3.46\pic18-lt\cxx-framework\src\traditional\proc\p18f25k80.asm
                   B4EIDH   0x000ec3       data     extern E:\c18v3.46\pic18-lt\cxx-framework\src\traditional\proc\p18f25k80.asm
               B4EIDHbits   0x000ec3       data     extern E:\c18v3.46\pic18-lt\cxx-framework\src\traditional\proc\p18f25k80.asm
                   B4EIDL   0x000ec4       data     extern E:\c18v3.46\pic18-lt\cxx-framework\src\traditional\proc\p18f25k80.asm
               B4EIDLbits   0x000ec4       data     extern E:\c18v3.46\pic18-lt\cxx-framework\src\traditional\proc\p18f25k80.asm
                   B4SIDH   0x000ec1       data     extern E:\c18v3.46\pic18-lt\cxx-framework\src\traditional\proc\p18f25k80.asm
               B4SIDHbits   0x000ec1       data     extern E:\c18v3.46\pic18-lt\cxx-framework\src\traditional\proc\p18f25k80.asm
                   B4SIDL   0x000ec2       data     extern E:\c18v3.46\pic18-lt\cxx-framework\src\traditional\proc\p18f25k80.asm
               B4SIDLbits   0x000ec2       data     extern E:\c18v3.46\pic18-lt\cxx-framework\src\traditional\proc\p18f25k80.asm
                    B5CON   0x000ed0       data     extern E:\c18v3.46\pic18-lt\cxx-framework\src\traditional\proc\p18f25k80.asm
                B5CONbits   0x000ed0       data     extern E:\c18v3.46\pic18-lt\cxx-framework\src\traditional\proc\p18f25k80.asm
                     B5D0   0x000ed6       data     extern E:\c18v3.46\pic18-lt\cxx-framework\src\traditional\proc\p18f25k80.asm
                 B5D0bits   0x000ed6       data     extern E:\c18v3.46\pic18-lt\cxx-framework\src\traditional\proc\p18f25k80.asm
                     B5D1   0x000ed7       data     extern E:\c18v3.46\pic18-lt\cxx-framework\src\traditional\proc\p18f25k80.asm
                 B5D1bits   0x000ed7       data     extern E:\c18v3.46\pic18-lt\cxx-framework\src\traditional\proc\p18f25k80.asm
                     B5D2   0x000ed8       data     extern E:\c18v3.46\pic18-lt\cxx-framework\src\traditional\proc\p18f25k80.asm
                 B5D2bits   0x000ed8       data     extern E:\c18v3.46\pic18-lt\cxx-framework\src\traditional\proc\p18f25k80.asm
                     B5D3   0x000ed9       data     extern E:\c18v3.46\pic18-lt\cxx-framework\src\traditional\proc\p18f25k80.asm
                 B5D3bits   0x000ed9       data     extern E:\c18v3.46\pic18-lt\cxx-framework\src\traditional\proc\p18f25k80.asm
                     B5D4   0x000eda       data     extern E:\c18v3.46\pic18-lt\cxx-framework\src\traditional\proc\p18f25k80.asm
                 B5D4bits   0x000eda       data     extern E:\c18v3.46\pic18-lt\cxx-framework\src\traditional\proc\p18f25k80.asm
                     B5D5   0x000edb       data     extern E:\c18v3.46\pic18-lt\cxx-framework\src\traditional\proc\p18f25k80.asm
                 B5D5bits   0x000edb       data     extern E:\c18v3.46\pic18-lt\cxx-framework\src\traditional\proc\p18f25k80.asm
                     B5D6   0x000edc       data     extern E:\c18v3.46\pic18-lt\cxx-framework\src\traditional\proc\p18f25k80.asm
                 B5D6bits   0x000edc       data     extern E:\c18v3.46\pic18-lt\cxx-framework\src\traditional\proc\p18f25k80.asm
                     B5D7   0x000edd       data     extern E:\c18v3.46\pic18-lt\cxx-framework\src\traditional\proc\p18f25k80.asm
                 B5D7bits   0x000edd       data     extern E:\c18v3.46\pic18-lt\cxx-framework\src\traditional\proc\p18f25k80.asm
                    B5DLC   0x000ed5       data     extern E:\c18v3.46\pic18-lt\cxx-framework\src\traditional\proc\p18f25k80.asm
                B5DLCbits   0x000ed5       data     extern E:\c18v3.46\pic18-lt\cxx-framework\src\traditional\proc\p18f25k80.asm
                   B5EIDH   0x000ed3       data     extern E:\c18v3.46\pic18-lt\cxx-framework\src\traditional\proc\p18f25k80.asm
               B5EIDHbits   0x000ed3       data     extern E:\c18v3.46\pic18-lt\cxx-framework\src\traditional\proc\p18f25k80.asm
                   B5EIDL   0x000ed4       data     extern E:\c18v3.46\pic18-lt\cxx-framework\src\traditional\proc\p18f25k80.asm
               B5EIDLbits   0x000ed4       data     extern E:\c18v3.46\pic18-lt\cxx-framework\src\traditional\proc\p18f25k80.asm
                   B5SIDH   0x000ed1       data     extern E:\c18v3.46\pic18-lt\cxx-framework\src\traditional\proc\p18f25k80.asm
               B5SIDHbits   0x000ed1       data     extern E:\c18v3.46\pic18-lt\cxx-framework\src\traditional\proc\p18f25k80.asm
                   B5SIDL   0x000ed2       data     extern E:\c18v3.46\pic18-lt\cxx-framework\src\traditional\proc\p18f25k80.asm
               B5SIDLbits   0x000ed2       data     extern E:\c18v3.46\pic18-lt\cxx-framework\src\traditional\proc\p18f25k80.asm
                 BAUDCON1   0x000fa7       data     extern E:\c18v3.46\pic18-lt\cxx-framework\src\traditional\proc\p18f25k80.asm
             BAUDCON1bits   0x000fa7       data     extern E:\c18v3.46\pic18-lt\cxx-framework\src\traditional\proc\p18f25k80.asm
                 BAUDCON2   0x000fb9       data     extern E:\c18v3.46\pic18-lt\cxx-framework\src\traditional\proc\p18f25k80.asm
             BAUDCON2bits   0x000fb9       data     extern E:\c18v3.46\pic18-lt\cxx-framework\src\traditional\proc\p18f25k80.asm
                     BIE0   0x000e7e       data     extern E:\c18v3.46\pic18-lt\cxx-framework\src\traditional\proc\p18f25k80.asm
                 BIE0bits   0x000e7e       data     extern E:\c18v3.46\pic18-lt\cxx-framework\src\traditional\proc\p18f25k80.asm
                  BRGCON1   0x000e43       data     extern E:\c18v3.46\pic18-lt\cxx-framework\src\traditional\proc\p18f25k80.asm
              BRGCON1bits   0x000e43       data     extern E:\c18v3.46\pic18-lt\cxx-framework\src\traditional\proc\p18f25k80.asm
                  BRGCON2   0x000e44       data     extern E:\c18v3.46\pic18-lt\cxx-framework\src\traditional\proc\p18f25k80.asm
              BRGCON2bits   0x000e44       data     extern E:\c18v3.46\pic18-lt\cxx-framework\src\traditional\proc\p18f25k80.asm
                  BRGCON3   0x000e45       data     extern E:\c18v3.46\pic18-lt\cxx-framework\src\traditional\proc\p18f25k80.asm
              BRGCON3bits   0x000e45       data     extern E:\c18v3.46\pic18-lt\cxx-framework\src\traditional\proc\p18f25k80.asm
                    BSEL0   0x000e7d       data     extern E:\c18v3.46\pic18-lt\cxx-framework\src\traditional\proc\p18f25k80.asm
                BSEL0bits   0x000e7d       data     extern E:\c18v3.46\pic18-lt\cxx-framework\src\traditional\proc\p18f25k80.asm
                      BSR   0x000fe0       data     extern E:\c18v3.46\pic18-lt\cxx-framework\src\traditional\proc\p18f25k80.asm
                  BSRbits   0x000fe0       data     extern E:\c18v3.46\pic18-lt\cxx-framework\src\traditional\proc\p18f25k80.asm
                 BitCount   0x000101       data     extern C:\WA2EIN\MorseKbd2\uartdata.asm
                  Buffer1   0x000105       data     extern C:\WA2EIN\MorseKbd2\uartdata.asm
                   CANCON   0x000f6f       data     extern E:\c18v3.46\pic18-lt\cxx-framework\src\traditional\proc\p18f25k80.asm
               CANCON_RO0   0x000f3f       data     extern E:\c18v3.46\pic18-lt\cxx-framework\src\traditional\proc\p18f25k80.asm
           CANCON_RO0bits   0x000f3f       data     extern E:\c18v3.46\pic18-lt\cxx-framework\src\traditional\proc\p18f25k80.asm
               CANCON_RO1   0x000f2f       data     extern E:\c18v3.46\pic18-lt\cxx-framework\src\traditional\proc\p18f25k80.asm
           CANCON_RO1bits   0x000f2f       data     extern E:\c18v3.46\pic18-lt\cxx-framework\src\traditional\proc\p18f25k80.asm
               CANCON_RO2   0x000f1f       data     extern E:\c18v3.46\pic18-lt\cxx-framework\src\traditional\proc\p18f25k80.asm
           CANCON_RO2bits   0x000f1f       data     extern E:\c18v3.46\pic18-lt\cxx-framework\src\traditional\proc\p18f25k80.asm
               CANCON_RO3   0x000f0f       data     extern E:\c18v3.46\pic18-lt\cxx-framework\src\traditional\proc\p18f25k80.asm
           CANCON_RO3bits   0x000f0f       data     extern E:\c18v3.46\pic18-lt\cxx-framework\src\traditional\proc\p18f25k80.asm
               CANCON_RO4   0x000edf       data     extern E:\c18v3.46\pic18-lt\cxx-framework\src\traditional\proc\p18f25k80.asm
           CANCON_RO4bits   0x000edf       data     extern E:\c18v3.46\pic18-lt\cxx-framework\src\traditional\proc\p18f25k80.asm
               CANCON_RO5   0x000ecf       data     extern E:\c18v3.46\pic18-lt\cxx-framework\src\traditional\proc\p18f25k80.asm
           CANCON_RO5bits   0x000ecf       data     extern E:\c18v3.46\pic18-lt\cxx-framework\src\traditional\proc\p18f25k80.asm
               CANCON_RO6   0x000ebf       data     extern E:\c18v3.46\pic18-lt\cxx-framework\src\traditional\proc\p18f25k80.asm
           CANCON_RO6bits   0x000ebf       data     extern E:\c18v3.46\pic18-lt\cxx-framework\src\traditional\proc\p18f25k80.asm
               CANCON_RO7   0x000eaf       data     extern E:\c18v3.46\pic18-lt\cxx-framework\src\traditional\proc\p18f25k80.asm
           CANCON_RO7bits   0x000eaf       data     extern E:\c18v3.46\pic18-lt\cxx-framework\src\traditional\proc\p18f25k80.asm
               CANCON_RO8   0x000e9f       data     extern E:\c18v3.46\pic18-lt\cxx-framework\src\traditional\proc\p18f25k80.asm
           CANCON_RO8bits   0x000e9f       data     extern E:\c18v3.46\pic18-lt\cxx-framework\src\traditional\proc\p18f25k80.asm
               CANCON_RO9   0x000e8f       data     extern E:\c18v3.46\pic18-lt\cxx-framework\src\traditional\proc\p18f25k80.asm
           CANCON_RO9bits   0x000e8f       data     extern E:\c18v3.46\pic18-lt\cxx-framework\src\traditional\proc\p18f25k80.asm
               CANCONbits   0x000f6f       data     extern E:\c18v3.46\pic18-lt\cxx-framework\src\traditional\proc\p18f25k80.asm
                  CANSTAT   0x000f6e       data     extern E:\c18v3.46\pic18-lt\cxx-framework\src\traditional\proc\p18f25k80.asm
              CANSTAT_RO0   0x000f3e       data     extern E:\c18v3.46\pic18-lt\cxx-framework\src\traditional\proc\p18f25k80.asm
          CANSTAT_RO0bits   0x000f3e       data     extern E:\c18v3.46\pic18-lt\cxx-framework\src\traditional\proc\p18f25k80.asm
              CANSTAT_RO1   0x000f2e       data     extern E:\c18v3.46\pic18-lt\cxx-framework\src\traditional\proc\p18f25k80.asm
          CANSTAT_RO1bits   0x000f2e       data     extern E:\c18v3.46\pic18-lt\cxx-framework\src\traditional\proc\p18f25k80.asm
              CANSTAT_RO2   0x000f1e       data     extern E:\c18v3.46\pic18-lt\cxx-framework\src\traditional\proc\p18f25k80.asm
          CANSTAT_RO2bits   0x000f1e       data     extern E:\c18v3.46\pic18-lt\cxx-framework\src\traditional\proc\p18f25k80.asm
              CANSTAT_RO3   0x000f0e       data     extern E:\c18v3.46\pic18-lt\cxx-framework\src\traditional\proc\p18f25k80.asm
          CANSTAT_RO3bits   0x000f0e       data     extern E:\c18v3.46\pic18-lt\cxx-framework\src\traditional\proc\p18f25k80.asm
              CANSTAT_RO4   0x000ede       data     extern E:\c18v3.46\pic18-lt\cxx-framework\src\traditional\proc\p18f25k80.asm
          CANSTAT_RO4bits   0x000ede       data     extern E:\c18v3.46\pic18-lt\cxx-framework\src\traditional\proc\p18f25k80.asm
              CANSTAT_RO5   0x000ece       data     extern E:\c18v3.46\pic18-lt\cxx-framework\src\traditional\proc\p18f25k80.asm
          CANSTAT_RO5bits   0x000ece       data     extern E:\c18v3.46\pic18-lt\cxx-framework\src\traditional\proc\p18f25k80.asm
              CANSTAT_RO6   0x000ebe       data     extern E:\c18v3.46\pic18-lt\cxx-framework\src\traditional\proc\p18f25k80.asm
          CANSTAT_RO6bits   0x000ebe       data     extern E:\c18v3.46\pic18-lt\cxx-framework\src\traditional\proc\p18f25k80.asm
              CANSTAT_RO7   0x000eae       data     extern E:\c18v3.46\pic18-lt\cxx-framework\src\traditional\proc\p18f25k80.asm
          CANSTAT_RO7bits   0x000eae       data     extern E:\c18v3.46\pic18-lt\cxx-framework\src\traditional\proc\p18f25k80.asm
              CANSTAT_RO8   0x000e9e       data     extern E:\c18v3.46\pic18-lt\cxx-framework\src\traditional\proc\p18f25k80.asm
          CANSTAT_RO8bits   0x000e9e       data     extern E:\c18v3.46\pic18-lt\cxx-framework\src\traditional\proc\p18f25k80.asm
              CANSTAT_RO9   0x000e8e       data     extern E:\c18v3.46\pic18-lt\cxx-framework\src\traditional\proc\p18f25k80.asm
          CANSTAT_RO9bits   0x000e8e       data     extern E:\c18v3.46\pic18-lt\cxx-framework\src\traditional\proc\p18f25k80.asm
              CANSTATbits   0x000f6e       data     extern E:\c18v3.46\pic18-lt\cxx-framework\src\traditional\proc\p18f25k80.asm
                  CCP1CON   0x000fbb       data     extern E:\c18v3.46\pic18-lt\cxx-framework\src\traditional\proc\p18f25k80.asm
              CCP1CONbits   0x000fbb       data     extern E:\c18v3.46\pic18-lt\cxx-framework\src\traditional\proc\p18f25k80.asm
                  CCP2CON   0x000f50       data     extern E:\c18v3.46\pic18-lt\cxx-framework\src\traditional\proc\p18f25k80.asm
              CCP2CONbits   0x000f50       data     extern E:\c18v3.46\pic18-lt\cxx-framework\src\traditional\proc\p18f25k80.asm
                  CCP3CON   0x000f4d       data     extern E:\c18v3.46\pic18-lt\cxx-framework\src\traditional\proc\p18f25k80.asm
              CCP3CONbits   0x000f4d       data     extern E:\c18v3.46\pic18-lt\cxx-framework\src\traditional\proc\p18f25k80.asm
                  CCP4CON   0x000f4a       data     extern E:\c18v3.46\pic18-lt\cxx-framework\src\traditional\proc\p18f25k80.asm
              CCP4CONbits   0x000f4a       data     extern E:\c18v3.46\pic18-lt\cxx-framework\src\traditional\proc\p18f25k80.asm
                  CCP5CON   0x000f47       data     extern E:\c18v3.46\pic18-lt\cxx-framework\src\traditional\proc\p18f25k80.asm
              CCP5CONbits   0x000f47       data     extern E:\c18v3.46\pic18-lt\cxx-framework\src\traditional\proc\p18f25k80.asm
                    CCPR1   0x000fbc       data     extern E:\c18v3.46\pic18-lt\cxx-framework\src\traditional\proc\p18f25k80.asm
                   CCPR1H   0x000fbd       data     extern E:\c18v3.46\pic18-lt\cxx-framework\src\traditional\proc\p18f25k80.asm
                   CCPR1L   0x000fbc       data     extern E:\c18v3.46\pic18-lt\cxx-framework\src\traditional\proc\p18f25k80.asm
                    CCPR2   0x000f51       data     extern E:\c18v3.46\pic18-lt\cxx-framework\src\traditional\proc\p18f25k80.asm
                   CCPR2H   0x000f52       data     extern E:\c18v3.46\pic18-lt\cxx-framework\src\traditional\proc\p18f25k80.asm
                   CCPR2L   0x000f51       data     extern E:\c18v3.46\pic18-lt\cxx-framework\src\traditional\proc\p18f25k80.asm
                    CCPR3   0x000f4e       data     extern E:\c18v3.46\pic18-lt\cxx-framework\src\traditional\proc\p18f25k80.asm
                   CCPR3H   0x000f4f       data     extern E:\c18v3.46\pic18-lt\cxx-framework\src\traditional\proc\p18f25k80.asm
                   CCPR3L   0x000f4e       data     extern E:\c18v3.46\pic18-lt\cxx-framework\src\traditional\proc\p18f25k80.asm
                    CCPR4   0x000f4b       data     extern E:\c18v3.46\pic18-lt\cxx-framework\src\traditional\proc\p18f25k80.asm
                   CCPR4H   0x000f4c       data     extern E:\c18v3.46\pic18-lt\cxx-framework\src\traditional\proc\p18f25k80.asm
                   CCPR4L   0x000f4b       data     extern E:\c18v3.46\pic18-lt\cxx-framework\src\traditional\proc\p18f25k80.asm
                    CCPR5   0x000f48       data     extern E:\c18v3.46\pic18-lt\cxx-framework\src\traditional\proc\p18f25k80.asm
                   CCPR5H   0x000f49       data     extern E:\c18v3.46\pic18-lt\cxx-framework\src\traditional\proc\p18f25k80.asm
                   CCPR5L   0x000f48       data     extern E:\c18v3.46\pic18-lt\cxx-framework\src\traditional\proc\p18f25k80.asm
                  CCPTMRS   0x000f99       data     extern E:\c18v3.46\pic18-lt\cxx-framework\src\traditional\proc\p18f25k80.asm
              CCPTMRSbits   0x000f99       data     extern E:\c18v3.46\pic18-lt\cxx-framework\src\traditional\proc\p18f25k80.asm
                   CIOCON   0x000f70       data     extern E:\c18v3.46\pic18-lt\cxx-framework\src\traditional\proc\p18f25k80.asm
               CIOCONbits   0x000f70       data     extern E:\c18v3.46\pic18-lt\cxx-framework\src\traditional\proc\p18f25k80.asm
                   CM1CON   0x000f5f       data     extern E:\c18v3.46\pic18-lt\cxx-framework\src\traditional\proc\p18f25k80.asm
                  CM1CON1   0x000f5f       data     extern E:\c18v3.46\pic18-lt\cxx-framework\src\traditional\proc\p18f25k80.asm
              CM1CON1bits   0x000f5f       data     extern E:\c18v3.46\pic18-lt\cxx-framework\src\traditional\proc\p18f25k80.asm
               CM1CONbits   0x000f5f       data     extern E:\c18v3.46\pic18-lt\cxx-framework\src\traditional\proc\p18f25k80.asm
                   CM2CON   0x000f5e       data     extern E:\c18v3.46\pic18-lt\cxx-framework\src\traditional\proc\p18f25k80.asm
                  CM2CON1   0x000f5e       data     extern E:\c18v3.46\pic18-lt\cxx-framework\src\traditional\proc\p18f25k80.asm
              CM2CON1bits   0x000f5e       data     extern E:\c18v3.46\pic18-lt\cxx-framework\src\traditional\proc\p18f25k80.asm
               CM2CONbits   0x000f5e       data     extern E:\c18v3.46\pic18-lt\cxx-framework\src\traditional\proc\p18f25k80.asm
                   CMSTAT   0x000fb4       data     extern E:\c18v3.46\pic18-lt\cxx-framework\src\traditional\proc\p18f25k80.asm
                 CMSTATUS   0x000fb4       data     extern E:\c18v3.46\pic18-lt\cxx-framework\src\traditional\proc\p18f25k80.asm
             CMSTATUSbits   0x000fb4       data     extern E:\c18v3.46\pic18-lt\cxx-framework\src\traditional\proc\p18f25k80.asm
               CMSTATbits   0x000fb4       data     extern E:\c18v3.46\pic18-lt\cxx-framework\src\traditional\proc\p18f25k80.asm
                  COMSTAT   0x000f71       data     extern E:\c18v3.46\pic18-lt\cxx-framework\src\traditional\proc\p18f25k80.asm
              COMSTATbits   0x000f71       data     extern E:\c18v3.46\pic18-lt\cxx-framework\src\traditional\proc\p18f25k80.asm
                 CTMUCONH   0x000f55       data     extern E:\c18v3.46\pic18-lt\cxx-framework\src\traditional\proc\p18f25k80.asm
             CTMUCONHbits   0x000f55       data     extern E:\c18v3.46\pic18-lt\cxx-framework\src\traditional\proc\p18f25k80.asm
                 CTMUCONL   0x000f54       data     extern E:\c18v3.46\pic18-lt\cxx-framework\src\traditional\proc\p18f25k80.asm
             CTMUCONLbits   0x000f54       data     extern E:\c18v3.46\pic18-lt\cxx-framework\src\traditional\proc\p18f25k80.asm
                 CTMUICON   0x000f53       data     extern E:\c18v3.46\pic18-lt\cxx-framework\src\traditional\proc\p18f25k80.asm
             CTMUICONbits   0x000f53       data     extern E:\c18v3.46\pic18-lt\cxx-framework\src\traditional\proc\p18f25k80.asm
                   CUart1   0x00070b       data     static C:\WA2EIN\MorseKbd2\cranwellP18F25K80.h
                   CUart2   0x00070e       data     static C:\WA2EIN\MorseKbd2\cranwellP18F25K80.h
                   CVRCON   0x000fb5       data     extern E:\c18v3.46\pic18-lt\cxx-framework\src\traditional\proc\p18f25k80.asm
               CVRCONbits   0x000fb5       data     extern E:\c18v3.46\pic18-lt\cxx-framework\src\traditional\proc\p18f25k80.asm
                 CharTime   0x000849       data     extern C:\WA2EIN\MorseKbd2\main.c
                 ClockCtr   0x00072f       data     extern C:\WA2EIN\MorseKbd2\main.c
               CodeBuffer   0x000731       data     extern C:\WA2EIN\MorseKbd2\main.c
                  DahTime   0x000847       data     extern C:\WA2EIN\MorseKbd2\main.c
                 DataLen1   0x000711       data     static C:\WA2EIN\MorseKbd2\cranwellP18F25K80.h
                 DataLen2   0x000713       data     static C:\WA2EIN\MorseKbd2\cranwellP18F25K80.h
            DelayCounter1   0x000024       data     extern E:\c18v3.46\pic18-lt\cxx-framework\src\traditional\delays\delayd1.asm
                  DitTime   0x000845       data     extern C:\WA2EIN\MorseKbd2\main.c
                  ECANCON   0x000f72       data     extern E:\c18v3.46\pic18-lt\cxx-framework\src\traditional\proc\p18f25k80.asm
              ECANCONbits   0x000f72       data     extern E:\c18v3.46\pic18-lt\cxx-framework\src\traditional\proc\p18f25k80.asm
                  ECCP1AS   0x000fbf       data     extern E:\c18v3.46\pic18-lt\cxx-framework\src\traditional\proc\p18f25k80.asm
              ECCP1ASbits   0x000fbf       data     extern E:\c18v3.46\pic18-lt\cxx-framework\src\traditional\proc\p18f25k80.asm
                 ECCP1CON   0x000fbb       data     extern E:\c18v3.46\pic18-lt\cxx-framework\src\traditional\proc\p18f25k80.asm
             ECCP1CONbits   0x000fbb       data     extern E:\c18v3.46\pic18-lt\cxx-framework\src\traditional\proc\p18f25k80.asm
                 ECCP1DEL   0x000fbe       data     extern E:\c18v3.46\pic18-lt\cxx-framework\src\traditional\proc\p18f25k80.asm
             ECCP1DELbits   0x000fbe       data     extern E:\c18v3.46\pic18-lt\cxx-framework\src\traditional\proc\p18f25k80.asm
                 ECCP2CON   0x000f50       data     extern E:\c18v3.46\pic18-lt\cxx-framework\src\traditional\proc\p18f25k80.asm
             ECCP2CONbits   0x000f50       data     extern E:\c18v3.46\pic18-lt\cxx-framework\src\traditional\proc\p18f25k80.asm
                    EEADR   0x000f74       data     extern E:\c18v3.46\pic18-lt\cxx-framework\src\traditional\proc\p18f25k80.asm
                   EEADRH   0x000f75       data     extern E:\c18v3.46\pic18-lt\cxx-framework\src\traditional\proc\p18f25k80.asm
                   EECON1   0x000f7f       data     extern E:\c18v3.46\pic18-lt\cxx-framework\src\traditional\proc\p18f25k80.asm
               EECON1bits   0x000f7f       data     extern E:\c18v3.46\pic18-lt\cxx-framework\src\traditional\proc\p18f25k80.asm
                   EECON2   0x000f7e       data     extern E:\c18v3.46\pic18-lt\cxx-framework\src\traditional\proc\p18f25k80.asm
                   EEDATA   0x000f73       data     extern E:\c18v3.46\pic18-lt\cxx-framework\src\traditional\proc\p18f25k80.asm
                     FSR0   0x000fe9       data     extern E:\c18v3.46\pic18-lt\cxx-framework\src\traditional\proc\p18f25k80.asm
                    FSR0H   0x000fea       data     extern E:\c18v3.46\pic18-lt\cxx-framework\src\traditional\proc\p18f25k80.asm
               FSR0H_TEMP   0x000717       data     static C:\WA2EIN\MorseKbd2\cranwellP18F25K80.h
                FSR0Hbits   0x000fea       data     extern E:\c18v3.46\pic18-lt\cxx-framework\src\traditional\proc\p18f25k80.asm
                    FSR0L   0x000fe9       data     extern E:\c18v3.46\pic18-lt\cxx-framework\src\traditional\proc\p18f25k80.asm
               FSR0L_TEMP   0x000719       data     static C:\WA2EIN\MorseKbd2\cranwellP18F25K80.h
                     FSR1   0x000fe1       data     extern E:\c18v3.46\pic18-lt\cxx-framework\src\traditional\proc\p18f25k80.asm
                    FSR1H   0x000fe2       data     extern E:\c18v3.46\pic18-lt\cxx-framework\src\traditional\proc\p18f25k80.asm
               FSR1H_TEMP   0x00071b       data     static C:\WA2EIN\MorseKbd2\cranwellP18F25K80.h
                FSR1Hbits   0x000fe2       data     extern E:\c18v3.46\pic18-lt\cxx-framework\src\traditional\proc\p18f25k80.asm
                    FSR1L   0x000fe1       data     extern E:\c18v3.46\pic18-lt\cxx-framework\src\traditional\proc\p18f25k80.asm
               FSR1L_TEMP   0x00071d       data     static C:\WA2EIN\MorseKbd2\cranwellP18F25K80.h
                     FSR2   0x000fd9       data     extern E:\c18v3.46\pic18-lt\cxx-framework\src\traditional\proc\p18f25k80.asm
                    FSR2H   0x000fda       data     extern E:\c18v3.46\pic18-lt\cxx-framework\src\traditional\proc\p18f25k80.asm
                FSR2Hbits   0x000fda       data     extern E:\c18v3.46\pic18-lt\cxx-framework\src\traditional\proc\p18f25k80.asm
                    FSR2L   0x000fd9       data     extern E:\c18v3.46\pic18-lt\cxx-framework\src\traditional\proc\p18f25k80.asm
               Farnsworth   0x000e0a       data     extern C:\WA2EIN\MorseKbd2\main.c
                  HLVDCON   0x000fa8       data     extern E:\c18v3.46\pic18-lt\cxx-framework\src\traditional\proc\p18f25k80.asm
              HLVDCONbits   0x000fa8       data     extern E:\c18v3.46\pic18-lt\cxx-framework\src\traditional\proc\p18f25k80.asm
                    INDF0   0x000fef       data     extern E:\c18v3.46\pic18-lt\cxx-framework\src\traditional\proc\p18f25k80.asm
                    INDF1   0x000fe7       data     extern E:\c18v3.46\pic18-lt\cxx-framework\src\traditional\proc\p18f25k80.asm
                    INDF2   0x000fdf       data     extern E:\c18v3.46\pic18-lt\cxx-framework\src\traditional\proc\p18f25k80.asm
                   INTCON   0x000ff2       data     extern E:\c18v3.46\pic18-lt\cxx-framework\src\traditional\proc\p18f25k80.asm
                  INTCON1   0x000ff2       data     extern E:\c18v3.46\pic18-lt\cxx-framework\src\traditional\proc\p18f25k80.asm
              INTCON1bits   0x000ff2       data     extern E:\c18v3.46\pic18-lt\cxx-framework\src\traditional\proc\p18f25k80.asm
                  INTCON2   0x000ff1       data     extern E:\c18v3.46\pic18-lt\cxx-framework\src\traditional\proc\p18f25k80.asm
              INTCON2bits   0x000ff1       data     extern E:\c18v3.46\pic18-lt\cxx-framework\src\traditional\proc\p18f25k80.asm
                  INTCON3   0x000ff0       data     extern E:\c18v3.46\pic18-lt\cxx-framework\src\traditional\proc\p18f25k80.asm
              INTCON3bits   0x000ff0       data     extern E:\c18v3.46\pic18-lt\cxx-framework\src\traditional\proc\p18f25k80.asm
               INTCONbits   0x000ff2       data     extern E:\c18v3.46\pic18-lt\cxx-framework\src\traditional\proc\p18f25k80.asm
                     IOCB   0x000f5a       data     extern E:\c18v3.46\pic18-lt\cxx-framework\src\traditional\proc\p18f25k80.asm
                 IOCBbits   0x000f5a       data     extern E:\c18v3.46\pic18-lt\cxx-framework\src\traditional\proc\p18f25k80.asm
                     IPR1   0x000f9f       data     extern E:\c18v3.46\pic18-lt\cxx-framework\src\traditional\proc\p18f25k80.asm
                 IPR1bits   0x000f9f       data     extern E:\c18v3.46\pic18-lt\cxx-framework\src\traditional\proc\p18f25k80.asm
                     IPR2   0x000fa2       data     extern E:\c18v3.46\pic18-lt\cxx-framework\src\traditional\proc\p18f25k80.asm
                 IPR2bits   0x000fa2       data     extern E:\c18v3.46\pic18-lt\cxx-framework\src\traditional\proc\p18f25k80.asm
                     IPR3   0x000fa5       data     extern E:\c18v3.46\pic18-lt\cxx-framework\src\traditional\proc\p18f25k80.asm
                 IPR3bits   0x000fa5       data     extern E:\c18v3.46\pic18-lt\cxx-framework\src\traditional\proc\p18f25k80.asm
                     IPR4   0x000fb8       data     extern E:\c18v3.46\pic18-lt\cxx-framework\src\traditional\proc\p18f25k80.asm
                 IPR4bits   0x000fb8       data     extern E:\c18v3.46\pic18-lt\cxx-framework\src\traditional\proc\p18f25k80.asm
                     IPR5   0x000f78       data     extern E:\c18v3.46\pic18-lt\cxx-framework\src\traditional\proc\p18f25k80.asm
                 IPR5bits   0x000f78       data     extern E:\c18v3.46\pic18-lt\cxx-framework\src\traditional\proc\p18f25k80.asm
                     LATA   0x000f89       data     extern E:\c18v3.46\pic18-lt\cxx-framework\src\traditional\proc\p18f25k80.asm
                 LATAbits   0x000f89       data     extern E:\c18v3.46\pic18-lt\cxx-framework\src\traditional\proc\p18f25k80.asm
                     LATB   0x000f8a       data     extern E:\c18v3.46\pic18-lt\cxx-framework\src\traditional\proc\p18f25k80.asm
                 LATBbits   0x000f8a       data     extern E:\c18v3.46\pic18-lt\cxx-framework\src\traditional\proc\p18f25k80.asm
                     LATC   0x000f8b       data     extern E:\c18v3.46\pic18-lt\cxx-framework\src\traditional\proc\p18f25k80.asm
                 LATCbits   0x000f8b       data     extern E:\c18v3.46\pic18-lt\cxx-framework\src\traditional\proc\p18f25k80.asm
                      Len   0x00072d       data     static C:\WA2EIN\MorseKbd2\cranwellP18F25K80.h
                       MS   0x0005fd       data     extern C:\WA2EIN\MorseKbd2\main.c
                    MSEL0   0x000e79       data     extern E:\c18v3.46\pic18-lt\cxx-framework\src\traditional\proc\p18f25k80.asm
                MSEL0bits   0x000e79       data     extern E:\c18v3.46\pic18-lt\cxx-framework\src\traditional\proc\p18f25k80.asm
                    MSEL1   0x000e7a       data     extern E:\c18v3.46\pic18-lt\cxx-framework\src\traditional\proc\p18f25k80.asm
                MSEL1bits   0x000e7a       data     extern E:\c18v3.46\pic18-lt\cxx-framework\src\traditional\proc\p18f25k80.asm
                    MSEL2   0x000e7b       data     extern E:\c18v3.46\pic18-lt\cxx-framework\src\traditional\proc\p18f25k80.asm
                MSEL2bits   0x000e7b       data     extern E:\c18v3.46\pic18-lt\cxx-framework\src\traditional\proc\p18f25k80.asm
                    MSEL3   0x000e7c       data     extern E:\c18v3.46\pic18-lt\cxx-framework\src\traditional\proc\p18f25k80.asm
                MSEL3bits   0x000e7c       data     extern E:\c18v3.46\pic18-lt\cxx-framework\src\traditional\proc\p18f25k80.asm
                Msg1Ready   0x000103       data     extern C:\WA2EIN\MorseKbd2\uartdata.asm
                   MyBuff   0x00084d       data     extern C:\WA2EIN\MorseKbd2\main.c
                     MyCt   0x00094d       data     extern C:\WA2EIN\MorseKbd2\main.c
[...]
              HLVDCONbits   0x000fa8       data     extern E:\c18v3.46\pic18-lt\cxx-framework\src\traditional\proc\p18f25k80.asm
                  HLVDCON   0x000fa8       data     extern E:\c18v3.46\pic18-lt\cxx-framework\src\traditional\proc\p18f25k80.asm
                      PR4   0x000fa9       data     extern E:\c18v3.46\pic18-lt\cxx-framework\src\traditional\proc\p18f25k80.asm
                   T1GCON   0x000faa       data     extern E:\c18v3.46\pic18-lt\cxx-framework\src\traditional\proc\p18f25k80.asm
               T1GCONbits   0x000faa       data     extern E:\c18v3.46\pic18-lt\cxx-framework\src\traditional\proc\p18f25k80.asm
                    RCSTA   0x000fab       data     extern E:\c18v3.46\pic18-lt\cxx-framework\src\traditional\proc\p18f25k80.asm
                   RCSTA1   0x000fab       data     extern E:\c18v3.46\pic18-lt\cxx-framework\src\traditional\proc\p18f25k80.asm
               RCSTA1bits   0x000fab       data     extern E:\c18v3.46\pic18-lt\cxx-framework\src\traditional\proc\p18f25k80.asm
                RCSTAbits   0x000fab       data     extern E:\c18v3.46\pic18-lt\cxx-framework\src\traditional\proc\p18f25k80.asm
                TXSTAbits   0x000fac       data     extern E:\c18v3.46\pic18-lt\cxx-framework\src\traditional\proc\p18f25k80.asm
               TXSTA1bits   0x000fac       data     extern E:\c18v3.46\pic18-lt\cxx-framework\src\traditional\proc\p18f25k80.asm
                   TXSTA1   0x000fac       data     extern E:\c18v3.46\pic18-lt\cxx-framework\src\traditional\proc\p18f25k80.asm
                    TXSTA   0x000fac       data     extern E:\c18v3.46\pic18-lt\cxx-framework\src\traditional\proc\p18f25k80.asm
                   TXREG1   0x000fad       data     extern E:\c18v3.46\pic18-lt\cxx-framework\src\traditional\proc\p18f25k80.asm
                    TXREG   0x000fad       data     extern E:\c18v3.46\pic18-lt\cxx-framework\src\traditional\proc\p18f25k80.asm
                   RCREG1   0x000fae       data     extern E:\c18v3.46\pic18-lt\cxx-framework\src\traditional\proc\p18f25k80.asm
                    RCREG   0x000fae       data     extern E:\c18v3.46\pic18-lt\cxx-framework\src\traditional\proc\p18f25k80.asm
                    SPBRG   0x000faf       data     extern E:\c18v3.46\pic18-lt\cxx-framework\src\traditional\proc\p18f25k80.asm
                   SPBRG1   0x000faf       data     extern E:\c18v3.46\pic18-lt\cxx-framework\src\traditional\proc\p18f25k80.asm
                   T3GCON   0x000fb0       data     extern E:\c18v3.46\pic18-lt\cxx-framework\src\traditional\proc\p18f25k80.asm
               T3GCONbits   0x000fb0       data     extern E:\c18v3.46\pic18-lt\cxx-framework\src\traditional\proc\p18f25k80.asm
                    T3CON   0x000fb1       data     extern E:\c18v3.46\pic18-lt\cxx-framework\src\traditional\proc\p18f25k80.asm
                T3CONbits   0x000fb1       data     extern E:\c18v3.46\pic18-lt\cxx-framework\src\traditional\proc\p18f25k80.asm
                    TMR3L   0x000fb2       data     extern E:\c18v3.46\pic18-lt\cxx-framework\src\traditional\proc\p18f25k80.asm
                    TMR3H   0x000fb3       data     extern E:\c18v3.46\pic18-lt\cxx-framework\src\traditional\proc\p18f25k80.asm
                   CMSTAT   0x000fb4       data     extern E:\c18v3.46\pic18-lt\cxx-framework\src\traditional\proc\p18f25k80.asm
                 CMSTATUS   0x000fb4       data     extern E:\c18v3.46\pic18-lt\cxx-framework\src\traditional\proc\p18f25k80.asm
             CMSTATUSbits   0x000fb4       data     extern E:\c18v3.46\pic18-lt\cxx-framework\src\traditional\proc\p18f25k80.asm
               CMSTATbits   0x000fb4       data     extern E:\c18v3.46\pic18-lt\cxx-framework\src\traditional\proc\p18f25k80.asm
                   CVRCON   0x000fb5       data     extern E:\c18v3.46\pic18-lt\cxx-framework\src\traditional\proc\p18f25k80.asm
               CVRCONbits   0x000fb5       data     extern E:\c18v3.46\pic18-lt\cxx-framework\src\traditional\proc\p18f25k80.asm
                 PIE4bits   0x000fb6       data     extern E:\c18v3.46\pic18-lt\cxx-framework\src\traditional\proc\p18f25k80.asm
                     PIE4   0x000fb6       data     extern E:\c18v3.46\pic18-lt\cxx-framework\src\traditional\proc\p18f25k80.asm
                 PIR4bits   0x000fb7       data     extern E:\c18v3.46\pic18-lt\cxx-framework\src\traditional\proc\p18f25k80.asm
                     PIR4   0x000fb7       data     extern E:\c18v3.46\pic18-lt\cxx-framework\src\traditional\proc\p18f25k80.asm
                     IPR4   0x000fb8       data     extern E:\c18v3.46\pic18-lt\cxx-framework\src\traditional\proc\p18f25k80.asm
                 IPR4bits   0x000fb8       data     extern E:\c18v3.46\pic18-lt\cxx-framework\src\traditional\proc\p18f25k80.asm
             BAUDCON2bits   0x000fb9       data     extern E:\c18v3.46\pic18-lt\cxx-framework\src\traditional\proc\p18f25k80.asm
                 BAUDCON2   0x000fb9       data     extern E:\c18v3.46\pic18-lt\cxx-framework\src\traditional\proc\p18f25k80.asm
                   TXSTA2   0x000fba       data     extern E:\c18v3.46\pic18-lt\cxx-framework\src\traditional\proc\p18f25k80.asm
               TXSTA2bits   0x000fba       data     extern E:\c18v3.46\pic18-lt\cxx-framework\src\traditional\proc\p18f25k80.asm
              CCP1CONbits   0x000fbb       data     extern E:\c18v3.46\pic18-lt\cxx-framework\src\traditional\proc\p18f25k80.asm
                  CCP1CON   0x000fbb       data     extern E:\c18v3.46\pic18-lt\cxx-framework\src\traditional\proc\p18f25k80.asm
                 ECCP1CON   0x000fbb       data     extern E:\c18v3.46\pic18-lt\cxx-framework\src\traditional\proc\p18f25k80.asm
             ECCP1CONbits   0x000fbb       data     extern E:\c18v3.46\pic18-lt\cxx-framework\src\traditional\proc\p18f25k80.asm
                   CCPR1L   0x000fbc       data     extern E:\c18v3.46\pic18-lt\cxx-framework\src\traditional\proc\p18f25k80.asm
                    CCPR1   0x000fbc       data     extern E:\c18v3.46\pic18-lt\cxx-framework\src\traditional\proc\p18f25k80.asm
                   CCPR1H   0x000fbd       data     extern E:\c18v3.46\pic18-lt\cxx-framework\src\traditional\proc\p18f25k80.asm
             ECCP1DELbits   0x000fbe       data     extern E:\c18v3.46\pic18-lt\cxx-framework\src\traditional\proc\p18f25k80.asm
                  PWM1CON   0x000fbe       data     extern E:\c18v3.46\pic18-lt\cxx-framework\src\traditional\proc\p18f25k80.asm
              PWM1CONbits   0x000fbe       data     extern E:\c18v3.46\pic18-lt\cxx-framework\src\traditional\proc\p18f25k80.asm
                 ECCP1DEL   0x000fbe       data     extern E:\c18v3.46\pic18-lt\cxx-framework\src\traditional\proc\p18f25k80.asm
              ECCP1ASbits   0x000fbf       data     extern E:\c18v3.46\pic18-lt\cxx-framework\src\traditional\proc\p18f25k80.asm
                  ECCP1AS   0x000fbf       data     extern E:\c18v3.46\pic18-lt\cxx-framework\src\traditional\proc\p18f25k80.asm
               ADCON2bits   0x000fc0       data     extern E:\c18v3.46\pic18-lt\cxx-framework\src\traditional\proc\p18f25k80.asm
                   ADCON2   0x000fc0       data     extern E:\c18v3.46\pic18-lt\cxx-framework\src\traditional\proc\p18f25k80.asm
               ADCON1bits   0x000fc1       data     extern E:\c18v3.46\pic18-lt\cxx-framework\src\traditional\proc\p18f25k80.asm
                   ADCON1   0x000fc1       data     extern E:\c18v3.46\pic18-lt\cxx-framework\src\traditional\proc\p18f25k80.asm
                   ADCON0   0x000fc2       data     extern E:\c18v3.46\pic18-lt\cxx-framework\src\traditional\proc\p18f25k80.asm
               ADCON0bits   0x000fc2       data     extern E:\c18v3.46\pic18-lt\cxx-framework\src\traditional\proc\p18f25k80.asm
                    ADRES   0x000fc3       data     extern E:\c18v3.46\pic18-lt\cxx-framework\src\traditional\proc\p18f25k80.asm
                   ADRESL   0x000fc3       data     extern E:\c18v3.46\pic18-lt\cxx-framework\src\traditional\proc\p18f25k80.asm
                   ADRESH   0x000fc4       data     extern E:\c18v3.46\pic18-lt\cxx-framework\src\traditional\proc\p18f25k80.asm
              SSPCON2bits   0x000fc5       data     extern E:\c18v3.46\pic18-lt\cxx-framework\src\traditional\proc\p18f25k80.asm
                  SSPCON2   0x000fc5       data     extern E:\c18v3.46\pic18-lt\cxx-framework\src\traditional\proc\p18f25k80.asm
                  SSPCON1   0x000fc6       data     extern E:\c18v3.46\pic18-lt\cxx-framework\src\traditional\proc\p18f25k80.asm
              SSPCON1bits   0x000fc6       data     extern E:\c18v3.46\pic18-lt\cxx-framework\src\traditional\proc\p18f25k80.asm
              SSPSTATbits   0x000fc7       data     extern E:\c18v3.46\pic18-lt\cxx-framework\src\traditional\proc\p18f25k80.asm
                  SSPSTAT   0x000fc7       data     extern E:\c18v3.46\pic18-lt\cxx-framework\src\traditional\proc\p18f25k80.asm
                   SSPADD   0x000fc8       data     extern E:\c18v3.46\pic18-lt\cxx-framework\src\traditional\proc\p18f25k80.asm
               SSPADDbits   0x000fc8       data     extern E:\c18v3.46\pic18-lt\cxx-framework\src\traditional\proc\p18f25k80.asm
                   SSPBUF   0x000fc9       data     extern E:\c18v3.46\pic18-lt\cxx-framework\src\traditional\proc\p18f25k80.asm
                    T2CON   0x000fca       data     extern E:\c18v3.46\pic18-lt\cxx-framework\src\traditional\proc\p18f25k80.asm
                T2CONbits   0x000fca       data     extern E:\c18v3.46\pic18-lt\cxx-framework\src\traditional\proc\p18f25k80.asm
                      PR2   0x000fcb       data     extern E:\c18v3.46\pic18-lt\cxx-framework\src\traditional\proc\p18f25k80.asm
                     TMR2   0x000fcc       data     extern E:\c18v3.46\pic18-lt\cxx-framework\src\traditional\proc\p18f25k80.asm
                    T1CON   0x000fcd       data     extern E:\c18v3.46\pic18-lt\cxx-framework\src\traditional\proc\p18f25k80.asm
                T1CONbits   0x000fcd       data     extern E:\c18v3.46\pic18-lt\cxx-framework\src\traditional\proc\p18f25k80.asm
                    TMR1L   0x000fce       data     extern E:\c18v3.46\pic18-lt\cxx-framework\src\traditional\proc\p18f25k80.asm
                    TMR1H   0x000fcf       data     extern E:\c18v3.46\pic18-lt\cxx-framework\src\traditional\proc\p18f25k80.asm
                     RCON   0x000fd0       data     extern E:\c18v3.46\pic18-lt\cxx-framework\src\traditional\proc\p18f25k80.asm
                 RCONbits   0x000fd0       data     extern E:\c18v3.46\pic18-lt\cxx-framework\src\traditional\proc\p18f25k80.asm
                   WDTCON   0x000fd1       data     extern E:\c18v3.46\pic18-lt\cxx-framework\src\traditional\proc\p18f25k80.asm
               WDTCONbits   0x000fd1       data     extern E:\c18v3.46\pic18-lt\cxx-framework\src\traditional\proc\p18f25k80.asm
              OSCCON2bits   0x000fd2       data     extern E:\c18v3.46\pic18-lt\cxx-framework\src\traditional\proc\p18f25k80.asm
                  OSCCON2   0x000fd2       data     extern E:\c18v3.46\pic18-lt\cxx-framework\src\traditional\proc\p18f25k80.asm
               OSCCONbits   0x000fd3       data     extern E:\c18v3.46\pic18-lt\cxx-framework\src\traditional\proc\p18f25k80.asm
                   OSCCON   0x000fd3       data     extern E:\c18v3.46\pic18-lt\cxx-framework\src\traditional\proc\p18f25k80.asm
                    T0CON   0x000fd5       data     extern E:\c18v3.46\pic18-lt\cxx-framework\src\traditional\proc\p18f25k80.asm
                T0CONbits   0x000fd5       data     extern E:\c18v3.46\pic18-lt\cxx-framework\src\traditional\proc\p18f25k80.asm
                    TMR0L   0x000fd6       data     extern E:\c18v3.46\pic18-lt\cxx-framework\src\traditional\proc\p18f25k80.asm
                    TMR0H   0x000fd7       data     extern E:\c18v3.46\pic18-lt\cxx-framework\src\traditional\proc\p18f25k80.asm
               STATUSbits   0x000fd8       data     extern E:\c18v3.46\pic18-lt\cxx-framework\src\traditional\proc\p18f25k80.asm
                   STATUS   0x000fd8       data     extern E:\c18v3.46\pic18-lt\cxx-framework\src\traditional\proc\p18f25k80.asm
                    FSR2L   0x000fd9       data     extern E:\c18v3.46\pic18-lt\cxx-framework\src\traditional\proc\p18f25k80.asm
                     FSR2   0x000fd9       data     extern E:\c18v3.46\pic18-lt\cxx-framework\src\traditional\proc\p18f25k80.asm
                    FSR2H   0x000fda       data     extern E:\c18v3.46\pic18-lt\cxx-framework\src\traditional\proc\p18f25k80.asm
                FSR2Hbits   0x000fda       data     extern E:\c18v3.46\pic18-lt\cxx-framework\src\traditional\proc\p18f25k80.asm
                   PLUSW2   0x000fdb       data     extern E:\c18v3.46\pic18-lt\cxx-framework\src\traditional\proc\p18f25k80.asm
                  PREINC2   0x000fdc       data     extern E:\c18v3.46\pic18-lt\cxx-framework\src\traditional\proc\p18f25k80.asm
                 POSTDEC2   0x000fdd       data     extern E:\c18v3.46\pic18-lt\cxx-framework\src\traditional\proc\p18f25k80.asm
                 POSTINC2   0x000fde       data     extern E:\c18v3.46\pic18-lt\cxx-framework\src\traditional\proc\p18f25k80.asm
                    INDF2   0x000fdf       data     extern E:\c18v3.46\pic18-lt\cxx-framework\src\traditional\proc\p18f25k80.asm
                      BSR   0x000fe0       data     extern E:\c18v3.46\pic18-lt\cxx-framework\src\traditional\proc\p18f25k80.asm
                  BSRbits   0x000fe0       data     extern E:\c18v3.46\pic18-lt\cxx-framework\src\traditional\proc\p18f25k80.asm
                    FSR1L   0x000fe1       data     extern E:\c18v3.46\pic18-lt\cxx-framework\src\traditional\proc\p18f25k80.asm
                     FSR1   0x000fe1       data     extern E:\c18v3.46\pic18-lt\cxx-framework\src\traditional\proc\p18f25k80.asm
                    FSR1H   0x000fe2       data     extern E:\c18v3.46\pic18-lt\cxx-framework\src\traditional\proc\p18f25k80.asm
                FSR1Hbits   0x000fe2       data     extern E:\c18v3.46\pic18-lt\cxx-framework\src\traditional\proc\p18f25k80.asm
                   PLUSW1   0x000fe3       data     extern E:\c18v3.46\pic18-lt\cxx-framework\src\traditional\proc\p18f25k80.asm
                  PREINC1   0x000fe4       data     extern E:\c18v3.46\pic18-lt\cxx-framework\src\traditional\proc\p18f25k80.asm
                 POSTDEC1   0x000fe5       data     extern E:\c18v3.46\pic18-lt\cxx-framework\src\traditional\proc\p18f25k80.asm
                 POSTINC1   0x000fe6       data     extern E:\c18v3.46\pic18-lt\cxx-framework\src\traditional\proc\p18f25k80.asm
                    INDF1   0x000fe7       data     extern E:\c18v3.46\pic18-lt\cxx-framework\src\traditional\proc\p18f25k80.asm
                     WREG   0x000fe8       data     extern E:\c18v3.46\pic18-lt\cxx-framework\src\traditional\proc\p18f25k80.asm
                     FSR0   0x000fe9       data     extern E:\c18v3.46\pic18-lt\cxx-framework\src\traditional\proc\p18f25k80.asm
                    FSR0L   0x000fe9       data     extern E:\c18v3.46\pic18-lt\cxx-framework\src\traditional\proc\p18f25k80.asm
                FSR0Hbits   0x000fea       data     extern E:\c18v3.46\pic18-lt\cxx-framework\src\traditional\proc\p18f25k80.asm
                    FSR0H   0x000fea       data     extern E:\c18v3.46\pic18-lt\cxx-framework\src\traditional\proc\p18f25k80.asm
                   PLUSW0   0x000feb       data     extern E:\c18v3.46\pic18-lt\cxx-framework\src\traditional\proc\p18f25k80.asm
                  PREINC0   0x000fec       data     extern E:\c18v3.46\pic18-lt\cxx-framework\src\traditional\proc\p18f25k80.asm
                 POSTDEC0   0x000fed       data     extern E:\c18v3.46\pic18-lt\cxx-framework\src\traditional\proc\p18f25k80.asm
                 POSTINC0   0x000fee       data     extern E:\c18v3.46\pic18-lt\cxx-framework\src\traditional\proc\p18f25k80.asm
                    INDF0   0x000fef       data     extern E:\c18v3.46\pic18-lt\cxx-framework\src\traditional\proc\p18f25k80.asm
                  INTCON3   0x000ff0       data     extern E:\c18v3.46\pic18-lt\cxx-framework\src\traditional\proc\p18f25k80.asm
              INTCON3bits   0x000ff0       data     extern E:\c18v3.46\pic18-lt\cxx-framework\src\traditional\proc\p18f25k80.asm
                  INTCON2   0x000ff1       data     extern E:\c18v3.46\pic18-lt\cxx-framework\src\traditional\proc\p18f25k80.asm
              INTCON2bits   0x000ff1       data     extern E:\c18v3.46\pic18-lt\cxx-framework\src\traditional\proc\p18f25k80.asm
                   INTCON   0x000ff2       data     extern E:\c18v3.46\pic18-lt\cxx-framework\src\traditional\proc\p18f25k80.asm
                  INTCON1   0x000ff2       data     extern E:\c18v3.46\pic18-lt\cxx-framework\src\traditional\proc\p18f25k80.asm
               INTCONbits   0x000ff2       data     extern E:\c18v3.46\pic18-lt\cxx-framework\src\traditional\proc\p18f25k80.asm
              INTCON1bits   0x000ff2       data     extern E:\c18v3.46\pic18-lt\cxx-framework\src\traditional\proc\p18f25k80.asm
                    PRODL   0x000ff3       data     extern E:\c18v3.46\pic18-lt\cxx-framework\src\traditional\proc\p18f25k80.asm
                     PROD   0x000ff3       data     extern E:\c18v3.46\pic18-lt\cxx-framework\src\traditional\proc\p18f25k80.asm
                    PRODH   0x000ff4       data     extern E:\c18v3.46\pic18-lt\cxx-framework\src\traditional\proc\p18f25k80.asm
                   TABLAT   0x000ff5       data     extern E:\c18v3.46\pic18-lt\cxx-framework\src\traditional\proc\p18f25k80.asm
                   TBLPTR   0x000ff6       data     extern E:\c18v3.46\pic18-lt\cxx-framework\src\traditional\proc\p18f25k80.asm
                  TBLPTRL   0x000ff6       data     extern E:\c18v3.46\pic18-lt\cxx-framework\src\traditional\proc\p18f25k80.asm
                  TBLPTRH   0x000ff7       data     extern E:\c18v3.46\pic18-lt\cxx-framework\src\traditional\proc\p18f25k80.asm
                  TBLPTRU   0x000ff8       data     extern E:\c18v3.46\pic18-lt\cxx-framework\src\traditional\proc\p18f25k80.asm
              TBLPTRUbits   0x000ff8       data     extern E:\c18v3.46\pic18-lt\cxx-framework\src\traditional\proc\p18f25k80.asm
                       PC   0x000ff9       data     extern E:\c18v3.46\pic18-lt\cxx-framework\src\traditional\proc\p18f25k80.asm
                      PCL   0x000ff9       data     extern E:\c18v3.46\pic18-lt\cxx-framework\src\traditional\proc\p18f25k80.asm
                   PCLATH   0x000ffa       data     extern E:\c18v3.46\pic18-lt\cxx-framework\src\traditional\proc\p18f25k80.asm
                   PCLATU   0x000ffb       data     extern E:\c18v3.46\pic18-lt\cxx-framework\src\traditional\proc\p18f25k80.asm
               PCLATUbits   0x000ffb       data     extern E:\c18v3.46\pic18-lt\cxx-framework\src\traditional\proc\p18f25k80.asm
                   STKPTR   0x000ffc       data     extern E:\c18v3.46\pic18-lt\cxx-framework\src\traditional\proc\p18f25k80.asm
               STKPTRbits   0x000ffc       data     extern E:\c18v3.46\pic18-lt\cxx-framework\src\traditional\proc\p18f25k80.asm
                      TOS   0x000ffd       data     extern E:\c18v3.46\pic18-lt\cxx-framework\src\traditional\proc\p18f25k80.asm
                     TOSL   0x000ffd       data     extern E:\c18v3.46\pic18-lt\cxx-framework\src\traditional\proc\p18f25k80.asm
                     TOSH   0x000ffe       data     extern E:\c18v3.46\pic18-lt\cxx-framework\src\traditional\proc\p18f25k80.asm
                     TOSU   0x000fff       data     extern E:\c18v3.46\pic18-lt\cxx-framework\src\traditional\proc\p18f25k80.asm
                 TOSUbits   0x000fff       data     extern E:\c18v3.46\pic18-lt\cxx-framework\src\traditional\proc\p18f25k80.asm


